******************************************************************************
             TMS320C2000 Linker PC v16.9.4                     
******************************************************************************
>> Linked Tue Nov 20 21:45:19 2018

OUTPUT FILE NAME:   <F28379D_MotorControl_rotation.out>
ENTRY POINT SYMBOL: "_c_int00"  address: 0008346d


MEMORY CONFIGURATION

         name            origin    length      used     unused   attr    fill
----------------------  --------  ---------  --------  --------  ----  --------
PAGE 0:
  RAMM0                 00000122   000002de  00000000  000002de  RWIX
  RAMLS0                00008000   00000800  00000139  000006c7  RWIX
  RAMLS1                00008800   00000800  00000000  00000800  RWIX
  RAMLS2                00009000   00000800  00000000  00000800  RWIX
  RAMLS3                00009800   00000800  00000000  00000800  RWIX
  RAMLS4                0000a000   00000800  00000000  00000800  RWIX
  RAMD0                 0000b000   00000800  00000000  00000800  RWIX
  RAMGS14               0001a000   00001000  00000000  00001000  RWIX
  RAMGS15               0001b000   00001000  00000000  00001000  RWIX
  BEGIN                 00080000   00000002  00000002  00000000  RWIX
  FLASHA                00080002   00001ffe  00000000  00001ffe  RWIX
  FLASHB                00082000   00002000  00001887  00000779  RWIX
  FLASHC                00084000   00002000  00000000  00002000  RWIX
  FLASHD                00086000   00002000  00000139  00001ec7  RWIX
  FLASHE                00088000   00008000  00000000  00008000  RWIX
  FLASHF                00090000   00008000  000003c0  00007c40  RWIX
  FLASHG                00098000   00008000  00000000  00008000  RWIX
  FLASHH                000a0000   00008000  00000000  00008000  RWIX
  FLASHI                000a8000   00008000  00000000  00008000  RWIX
  FLASHJ                000b0000   00008000  00000000  00008000  RWIX
  FLASHK                000b8000   00002000  00000000  00002000  RWIX
  FLASHL                000ba000   00002000  00000000  00002000  RWIX
  FLASHM                000bc000   00002000  00000000  00002000  RWIX
  FLASHN                000be000   00002000  00000000  00002000  RWIX
  RESET                 003fffc0   00000002  00000000  00000002  RWIX

PAGE 1:
  BOOT_RSVD             00000002   00000120  00000000  00000120  RWIX
  RAMM1                 00000400   00000400  00000100  00000300  RWIX
  ADCA_RESULT           00000b00   00000020  00000018  00000008  RWIX
  ADCB_RESULT           00000b20   00000020  00000018  00000008  RWIX
  ADCC_RESULT           00000b40   00000020  00000018  00000008  RWIX
  ADCD_RESULT           00000b60   00000020  00000018  00000008  RWIX
  CPU_TIMER0            00000c00   00000008  00000008  00000000  RWIX
  CPU_TIMER1            00000c08   00000008  00000008  00000000  RWIX
  CPU_TIMER2            00000c10   00000008  00000008  00000000  RWIX
  PIE_CTRL              00000ce0   00000020  0000001a  00000006  RWIX
  PIE_VECT              00000d00   00000200  000001c0  00000040  RWIX
  DMA                   00001000   00000200  000000e0  00000120  RWIX
  CLA1                  00001400   00000040  0000003e  00000002  RWIX
  EPWM1                 00004000   00000100  00000100  00000000  RWIX
  EPWM2                 00004100   00000100  00000100  00000000  RWIX
  EPWM3                 00004200   00000100  00000100  00000000  RWIX
  EPWM4                 00004300   00000100  00000100  00000000  RWIX
  EPWM5                 00004400   00000100  00000100  00000000  RWIX
  EPWM6                 00004500   00000100  00000100  00000000  RWIX
  EPWM7                 00004600   00000100  00000100  00000000  RWIX
  EPWM8                 00004700   00000100  00000100  00000000  RWIX
  EPWM9                 00004800   00000100  00000100  00000000  RWIX
  EPWM10                00004900   00000100  00000100  00000000  RWIX
  EPWM11                00004a00   00000100  00000100  00000000  RWIX
  EPWM12                00004b00   00000100  00000100  00000000  RWIX
  ECAP1                 00005000   00000020  00000020  00000000  RWIX
  ECAP2                 00005020   00000020  00000020  00000000  RWIX
  ECAP3                 00005040   00000020  00000020  00000000  RWIX
  ECAP4                 00005060   00000020  00000020  00000000  RWIX
  ECAP5                 00005080   00000020  00000020  00000000  RWIX
  ECAP6                 000050a0   00000020  00000020  00000000  RWIX
  EQEP1                 00005100   00000040  00000022  0000001e  RWIX
  EQEP2                 00005140   00000040  00000022  0000001e  RWIX
  EQEP3                 00005180   00000040  00000022  0000001e  RWIX
  DACA                  00005c00   00000010  00000008  00000008  RWIX
  DACB                  00005c10   00000010  00000008  00000008  RWIX
  DACC                  00005c20   00000010  00000008  00000008  RWIX
  CMPSS1                00005c80   00000020  00000020  00000000  RWIX
  CMPSS2                00005ca0   00000020  00000020  00000000  RWIX
  CMPSS3                00005cc0   00000020  00000020  00000000  RWIX
  CMPSS4                00005ce0   00000020  00000020  00000000  RWIX
  CMPSS5                00005d00   00000020  00000020  00000000  RWIX
  CMPSS6                00005d20   00000020  00000020  00000000  RWIX
  CMPSS7                00005d40   00000020  00000020  00000000  RWIX
  CMPSS8                00005d60   00000020  00000020  00000000  RWIX
  SDFM1                 00005e00   00000080  00000080  00000000  RWIX
  SDFM2                 00005e80   00000080  00000080  00000000  RWIX
  MCBSPA                00006000   00000040  00000024  0000001c  RWIX
  MCBSPB                00006040   00000040  00000024  0000001c  RWIX
  SPIA                  00006100   00000010  00000010  00000000  RWIX
  SPIB                  00006110   00000010  00000010  00000000  RWIX
  SPIC                  00006120   00000010  00000010  00000000  RWIX
  SPID                  00006130   00000010  00000000  00000010  RWIX
  UPP                   00006200   00000100  00000048  000000b8  RWIX
  WD                    00007000   00000040  0000002b  00000015  RWIX
  NMIINTRUPT            00007060   00000010  00000007  00000009  RWIX
  XINT                  00007070   00000010  0000000b  00000005  RWIX
  SCIA                  00007200   00000010  00000010  00000000  RWIX
  SCIB                  00007210   00000010  00000010  00000000  RWIX
  SCIC                  00007220   00000010  00000010  00000000  RWIX
  SCID                  00007230   00000010  00000010  00000000  RWIX
  I2CA                  00007300   00000040  00000022  0000001e  RWIX
  I2CB                  00007340   00000040  00000022  0000001e  RWIX
  ADCA                  00007400   00000080  00000080  00000000  RWIX
  ADCB                  00007480   00000080  00000080  00000000  RWIX
  ADCC                  00007500   00000080  00000080  00000000  RWIX
  ADCD                  00007580   00000080  00000080  00000000  RWIX
  INPUT_XBAR            00007900   00000020  00000020  00000000  RWIX
  XBAR                  00007920   00000020  00000020  00000000  RWIX
  SYNC_SOC              00007940   00000010  00000006  0000000a  RWIX
  DMACLASRCSEL          00007980   00000040  0000001a  00000026  RWIX
  EPWM_XBAR             00007a00   00000040  00000040  00000000  RWIX
  CLB_XBAR              00007a40   00000040  00000000  00000040  RWIX
  OUTPUT_XBAR           00007a80   00000040  00000040  00000000  RWIX
  GPIOCTRL              00007c00   00000180  00000180  00000000  RWIX
  GPIODAT               00007f00   00000030  00000030  00000000  RWIX
  RAMLS5                0000a800   00000800  0000003a  000007c6  RWIX
  RAMD1                 0000b800   00000800  00000000  00000800  RWIX
  RAMGS0                0000c000   00001000  00000000  00001000  RWIX
  RAMGS1                0000d000   00001000  00000000  00001000  RWIX
  RAMGS2                0000e000   00001000  00000000  00001000  RWIX
  RAMGS3                0000f000   00001000  00000000  00001000  RWIX
  RAMGS4                00010000   00001000  00000000  00001000  RWIX
  RAMGS5                00011000   00001000  00000000  00001000  RWIX
  RAMGS6                00012000   00001000  00000000  00001000  RWIX
  RAMGS7                00013000   00001000  00000000  00001000  RWIX
  RAMGS8                00014000   00001000  00000000  00001000  RWIX
  RAMGS9                00015000   00001000  00000000  00001000  RWIX
  RAMGS10               00016000   00001000  00000000  00001000  RWIX
  RAMGS11               00017000   00001000  00000000  00001000  RWIX
  RAMGS12               00018000   00001000  00000000  00001000  RWIX
  RAMGS13               00019000   00001000  00000000  00001000  RWIX
  CPU2TOCPU1RAM         0003f800   00000400  00000000  00000400  RWIX
  CPU1TOCPU2RAM         0003fc00   00000400  00000000  00000400  RWIX
  EMIF1                 00047000   00000800  00000070  00000790  RWIX
  EMIF2                 00047800   00000800  00000070  00000790  RWIX
  CANA                  00048000   00000800  00000164  0000069c  RWIX
  CANB                  0004a000   00000800  00000164  0000069c  RWIX
  IPC                   00050000   00000024  00000024  00000000  RWIX
  FLASHPUMPSEMAPHORE    00050024   00000002  00000002  00000000  RWIX
  DEV_CFG               0005d000   00000180  0000012e  00000052  RWIX
  ANALOG_SUBSYS         0005d180   00000080  00000048  00000038  RWIX
  CLK_CFG               0005d200   00000100  00000032  000000ce  RWIX
  CPU_SYS               0005d300   00000100  00000082  0000007e  RWIX
  ROMPREFETCH           0005e608   00000002  00000002  00000000  RWIX
  DCSM_Z1               0005f000   00000030  00000024  0000000c  RWIX
  DCSM_Z2               0005f040   00000030  00000024  0000000c  RWIX
  DCSM_COMMON           0005f070   00000010  00000008  00000008  RWIX
  MEMCFG                0005f400   00000080  00000080  00000000  RWIX
  EMIF1CONFIG           0005f480   00000020  00000020  00000000  RWIX
  EMIF2CONFIG           0005f4a0   00000020  00000020  00000000  RWIX
  ACCESSPROTECTION      0005f4c0   00000040  00000040  00000000  RWIX
  MEMORYERROR           0005f500   00000040  00000040  00000000  RWIX
  ROMWAITSTATE          0005f540   00000002  00000002  00000000  RWIX
  FLASH0_CTRL           0005f800   00000300  00000182  0000017e  RWIX
  FLASH0_ECC            0005fb00   00000040  00000028  00000018  RWIX


SECTION ALLOCATION MAP

 output                                  attributes/
section   page    origin      length       input sections
--------  ----  ----------  ----------   ----------------
codestart 
*          0    00080000    00000002     
                  00080000    00000002     F2837xD_CodeStartBranch.obj (codestart)

.cinit     0    00082000    00000047     
                  00082000    00000014     f28379d_motor_control_rotation.obj (.cinit)
                  00082014    00000011     booster_epwm.obj (.cinit)
                  00082025    0000000e     rts2800_fpu32.lib : exit.obj (.cinit)
                  00082033    00000008     booster_eqep.obj (.cinit)
                  0008203b    00000005     rts2800_fpu32.lib : _lock.obj (.cinit:__lock)
                  00082040    00000005                       : _lock.obj (.cinit:__unlock)
                  00082045    00000002     --HOLE-- [fill = 0]

.pinit     0    00082000    00000000     UNINITIALIZED

.TI.ramfunc 
*          0    00086000    00000139     RUN ADDR = 00008000
                  00086000    00000043     driverlib.lib : flash.obj (.TI.ramfunc:_Flash_initModule)
                  00086043    00000032                   : flash.obj (.TI.ramfunc:_Flash_setBankPowerMode)
                  00086075    00000026                   : flash.obj (.TI.ramfunc:_Flash_setWaitstates)
                  0008609b    0000001f                   : flash.obj (.TI.ramfunc:_Flash_setPumpPowerMode)
                  000860ba    00000018                   : flash.obj (.TI.ramfunc:_Flash_disableCache)
                  000860d2    00000018                   : flash.obj (.TI.ramfunc:_Flash_disablePrefetch)
                  000860ea    00000018                   : flash.obj (.TI.ramfunc:_Flash_enableCache)
                  00086102    00000018                   : flash.obj (.TI.ramfunc:_Flash_enablePrefetch)
                  0008611a    00000017                   : flash.obj (.TI.ramfunc:_Flash_enableECC)
                  00086131    00000004     F2837xD_usDelay.obj (.TI.ramfunc)
                  00086135    00000004     driverlib.lib : sysctl.obj (.TI.ramfunc)

.stack     1    00000400    00000100     UNINITIALIZED
                  00000400    00000100     --HOLE--

.reset     0    003fffc0    00000002     DSECT
                  003fffc0    00000002     rts2800_fpu32.lib : boot28.obj (.reset)

GETBUFFER 
*          0    0003f800    00000000     DSECT

GETWRITEIDX 
*          0    0003f800    00000000     DSECT

PUTREADIDX 
*          0    0003f800    00000000     DSECT

.text      0    00082048    00001840     
                  00082048    00000585     F2837xD_DefaultISR.obj (.text:retain)
                  000825cd    00000295     booster_epwm.obj (.text)
                  00082862    00000221     driverlib.lib : sysctl.obj (.text:_SysCtl_setClock)
                  00082a83    000001ed     device.obj (.text)
                  00082c70    000001a6     booster_pinout.obj (.text)
                  00082e16    0000016a     booster_eqep.obj (.text)
                  00082f80    00000169     booster_motor.obj (.text)
                  000830e9    000000e4     booster_eqep.obj (.text:retain)
                  000831cd    0000009c     rts2800_fpu32.lib : fd_add28.obj (.text)
                  00083269    0000008b                       : fd_div28.obj (.text)
                  000832f4    00000088                       : fs_div28.obj (.text)
                  0008337c    00000083                       : fd_mpy28.obj (.text)
                  000833ff    0000006e     driverlib.lib : sysctl.obj (.text:_SysCtl_getClock)
                  0008346d    00000056     rts2800_fpu32.lib : boot28.obj (.text)
                  000834c3    00000054     driverlib.lib : interrupt.obj (.text:_Interrupt_initModule)
                  00083517    00000052                   : gpio.obj (.text:_GPIO_setPadConfig)
                  00083569    0000004d                   : sysctl.obj (.text:_SysCtl_selectOscSource)
                  000835b6    00000047                   : epwm.obj (.text:_EPWM_isBaseValid)
                  000835fd    0000003d                   : gpio.obj (.text:_GPIO_setPinConfig)
                  0008363a    00000033                   : interrupt.obj (.text:_Interrupt_enable)
                  0008366d    00000031                   : gpio.obj (.text:_GPIO_setDirectionMode)
                  0008369e    00000030     f28379d_motor_control_rotation.obj (.text)
                  000836ce    00000029     driverlib.lib : flash.obj (.text:_Flash_setBankPowerUpDelay)
                  000836f7    00000029     rts2800_fpu32.lib : exit.obj (.text)
                  00083720    00000024                       : cpy_tbl.obj (.text)
                  00083744    00000020     driverlib.lib : interrupt.obj (.text:_Interrupt_initVectorTable)
                  00083764    0000001f     rts2800_fpu32.lib : fd_tol28.obj (.text)
                  00083783    0000001e                       : memcpy.obj (.text)
                  000837a1    0000001a     driverlib.lib : sysctl.obj (.text:_SysCtl_getLowSpeedClock)
                  000837bb    00000019     rts2800_fpu32.lib : args_main.obj (.text)
                  000837d4    00000016     driverlib.lib : epwm.obj (.text:_EPWM_setEmulationMode)
                  000837ea    00000016     rts2800_fpu32.lib : ul_tofd28.obj (.text)
                  00083800    00000010     driverlib.lib : flash.obj (.text:_Flash_isCtrlBaseValid)
                  00083810    00000010                   : flash.obj (.text:_Flash_isECCBaseValid)
                  00083820    0000000e                   : gpio.obj (.text:_GPIO_isPinValid)
                  0008382e    0000000e                   : interrupt.obj (.text:_Interrupt_defaultHandler)
                  0008383c    0000000e     rts2800_fpu32.lib : fd_sub28.obj (.text)
                  0008384a    0000000d     driverlib.lib : interrupt.obj (.text:_Interrupt_disableMaster)
                  00083857    0000000d                   : interrupt.obj (.text:_Interrupt_enableMaster)
                  00083864    0000000b                   : sysctl.obj (.text:_SysCtl_isMCDClockFailureDetected)
                  0008386f    00000009                   : sysctl.obj (.text:_SysCtl_serviceWatchdog)
                  00083878    00000009     rts2800_fpu32.lib : _lock.obj (.text)
                  00083881    00000002     driverlib.lib : interrupt.obj (.text:_Interrupt_illegalOperationHandler)
                  00083883    00000002                   : interrupt.obj (.text:_Interrupt_nmiHandler)
                  00083885    00000002     rts2800_fpu32.lib : pre_init.obj (.text)
                  00083887    00000001                       : startup.obj (.text)

.econst    0    00090000    000003c0     
                  00090000    000000cb     driverlib.lib : flash.obj (.econst:.string)
                  000900cb    00000001     --HOLE-- [fill = 0]
                  000900cc    000000c8                   : gpio.obj (.econst:.string)
                  00090194    00000069                   : interrupt.obj (.econst:.string)
                  000901fd    00000001     --HOLE-- [fill = 0]
                  000901fe    00000066                   : sysctl.obj (.econst:.string)
                  00090264    00000064                   : epwm.obj (.econst:.string)
                  000902c8    00000047     booster_epwm.obj (.econst:.string)
                  0009030f    00000001     --HOLE-- [fill = 0]
                  00090310    00000047     booster_eqep.obj (.econst:.string)
                  00090357    00000001     --HOLE-- [fill = 0]
                  00090358    00000047     booster_pinout.obj (.econst:.string)
                  0009039f    00000001     --HOLE-- [fill = 0]
                  000903a0    00000013     device.obj (.econst:.string)
                  000903b3    00000001     --HOLE-- [fill = 0]
                  000903b4    0000000c     booster_motor.obj (.econst)

AdcaResultFile 
*          1    00000b00    00000018     UNINITIALIZED
                  00000b00    00000018     F2837xD_GlobalVariableDefs.obj (AdcaResultFile)

AdcbResultFile 
*          1    00000b20    00000018     UNINITIALIZED
                  00000b20    00000018     F2837xD_GlobalVariableDefs.obj (AdcbResultFile)

AdccResultFile 
*          1    00000b40    00000018     UNINITIALIZED
                  00000b40    00000018     F2837xD_GlobalVariableDefs.obj (AdccResultFile)

AdcdResultFile 
*          1    00000b60    00000018     UNINITIALIZED
                  00000b60    00000018     F2837xD_GlobalVariableDefs.obj (AdcdResultFile)

CpuTimer0RegsFile 
*          1    00000c00    00000008     UNINITIALIZED
                  00000c00    00000008     F2837xD_GlobalVariableDefs.obj (CpuTimer0RegsFile)

CpuTimer1RegsFile 
*          1    00000c08    00000008     UNINITIALIZED
                  00000c08    00000008     F2837xD_GlobalVariableDefs.obj (CpuTimer1RegsFile)

CpuTimer2RegsFile 
*          1    00000c10    00000008     UNINITIALIZED
                  00000c10    00000008     F2837xD_GlobalVariableDefs.obj (CpuTimer2RegsFile)

PieCtrlRegsFile 
*          1    00000ce0    0000001a     UNINITIALIZED
                  00000ce0    0000001a     F2837xD_GlobalVariableDefs.obj (PieCtrlRegsFile)

PieVectTableFile 
*          1    00000d00    000001c0     UNINITIALIZED
                  00000d00    000001c0     F2837xD_GlobalVariableDefs.obj (PieVectTableFile)

EmuBModeVar 
*          1    00000d00    00000001     UNINITIALIZED
                  00000d00    00000001     F2837xD_GlobalVariableDefs.obj (EmuBModeVar)

EmuBootPinsVar 
*          1    00000d01    00000001     UNINITIALIZED
                  00000d01    00000001     F2837xD_GlobalVariableDefs.obj (EmuBootPinsVar)

DmaRegsFile 
*          1    00001000    000000e0     UNINITIALIZED
                  00001000    000000e0     F2837xD_GlobalVariableDefs.obj (DmaRegsFile)

Cla1RegsFile 
*          1    00001400    0000003e     UNINITIALIZED
                  00001400    0000003e     F2837xD_GlobalVariableDefs.obj (Cla1RegsFile)

EPwm1RegsFile 
*          1    00004000    00000100     UNINITIALIZED
                  00004000    00000100     F2837xD_GlobalVariableDefs.obj (EPwm1RegsFile)

EPwm2RegsFile 
*          1    00004100    00000100     UNINITIALIZED
                  00004100    00000100     F2837xD_GlobalVariableDefs.obj (EPwm2RegsFile)

EPwm3RegsFile 
*          1    00004200    00000100     UNINITIALIZED
                  00004200    00000100     F2837xD_GlobalVariableDefs.obj (EPwm3RegsFile)

EPwm4RegsFile 
*          1    00004300    00000100     UNINITIALIZED
                  00004300    00000100     F2837xD_GlobalVariableDefs.obj (EPwm4RegsFile)

EPwm5RegsFile 
*          1    00004400    00000100     UNINITIALIZED
                  00004400    00000100     F2837xD_GlobalVariableDefs.obj (EPwm5RegsFile)

EPwm6RegsFile 
*          1    00004500    00000100     UNINITIALIZED
                  00004500    00000100     F2837xD_GlobalVariableDefs.obj (EPwm6RegsFile)

EPwm7RegsFile 
*          1    00004600    00000100     UNINITIALIZED
                  00004600    00000100     F2837xD_GlobalVariableDefs.obj (EPwm7RegsFile)

EPwm8RegsFile 
*          1    00004700    00000100     UNINITIALIZED
                  00004700    00000100     F2837xD_GlobalVariableDefs.obj (EPwm8RegsFile)

EPwm9RegsFile 
*          1    00004800    00000100     UNINITIALIZED
                  00004800    00000100     F2837xD_GlobalVariableDefs.obj (EPwm9RegsFile)

EPwm10RegsFile 
*          1    00004900    00000100     UNINITIALIZED
                  00004900    00000100     F2837xD_GlobalVariableDefs.obj (EPwm10RegsFile)

EPwm11RegsFile 
*          1    00004a00    00000100     UNINITIALIZED
                  00004a00    00000100     F2837xD_GlobalVariableDefs.obj (EPwm11RegsFile)

EPwm12RegsFile 
*          1    00004b00    00000100     UNINITIALIZED
                  00004b00    00000100     F2837xD_GlobalVariableDefs.obj (EPwm12RegsFile)

ECap1RegsFile 
*          1    00005000    00000020     UNINITIALIZED
                  00005000    00000020     F2837xD_GlobalVariableDefs.obj (ECap1RegsFile)

ECap2RegsFile 
*          1    00005020    00000020     UNINITIALIZED
                  00005020    00000020     F2837xD_GlobalVariableDefs.obj (ECap2RegsFile)

ECap3RegsFile 
*          1    00005040    00000020     UNINITIALIZED
                  00005040    00000020     F2837xD_GlobalVariableDefs.obj (ECap3RegsFile)

ECap4RegsFile 
*          1    00005060    00000020     UNINITIALIZED
                  00005060    00000020     F2837xD_GlobalVariableDefs.obj (ECap4RegsFile)

ECap5RegsFile 
*          1    00005080    00000020     UNINITIALIZED
                  00005080    00000020     F2837xD_GlobalVariableDefs.obj (ECap5RegsFile)

ECap6RegsFile 
*          1    000050a0    00000020     UNINITIALIZED
                  000050a0    00000020     F2837xD_GlobalVariableDefs.obj (ECap6RegsFile)

EQep1RegsFile 
*          1    00005100    00000022     UNINITIALIZED
                  00005100    00000022     F2837xD_GlobalVariableDefs.obj (EQep1RegsFile)

EQep2RegsFile 
*          1    00005140    00000022     UNINITIALIZED
                  00005140    00000022     F2837xD_GlobalVariableDefs.obj (EQep2RegsFile)

EQep3RegsFile 
*          1    00005180    00000022     UNINITIALIZED
                  00005180    00000022     F2837xD_GlobalVariableDefs.obj (EQep3RegsFile)

DacaRegsFile 
*          1    00005c00    00000008     UNINITIALIZED
                  00005c00    00000008     F2837xD_GlobalVariableDefs.obj (DacaRegsFile)

DacbRegsFile 
*          1    00005c10    00000008     UNINITIALIZED
                  00005c10    00000008     F2837xD_GlobalVariableDefs.obj (DacbRegsFile)

DaccRegsFile 
*          1    00005c20    00000008     UNINITIALIZED
                  00005c20    00000008     F2837xD_GlobalVariableDefs.obj (DaccRegsFile)

Cmpss1RegsFile 
*          1    00005c80    00000020     UNINITIALIZED
                  00005c80    00000020     F2837xD_GlobalVariableDefs.obj (Cmpss1RegsFile)

Cmpss2RegsFile 
*          1    00005ca0    00000020     UNINITIALIZED
                  00005ca0    00000020     F2837xD_GlobalVariableDefs.obj (Cmpss2RegsFile)

Cmpss3RegsFile 
*          1    00005cc0    00000020     UNINITIALIZED
                  00005cc0    00000020     F2837xD_GlobalVariableDefs.obj (Cmpss3RegsFile)

Cmpss4RegsFile 
*          1    00005ce0    00000020     UNINITIALIZED
                  00005ce0    00000020     F2837xD_GlobalVariableDefs.obj (Cmpss4RegsFile)

Cmpss5RegsFile 
*          1    00005d00    00000020     UNINITIALIZED
                  00005d00    00000020     F2837xD_GlobalVariableDefs.obj (Cmpss5RegsFile)

Cmpss6RegsFile 
*          1    00005d20    00000020     UNINITIALIZED
                  00005d20    00000020     F2837xD_GlobalVariableDefs.obj (Cmpss6RegsFile)

Cmpss7RegsFile 
*          1    00005d40    00000020     UNINITIALIZED
                  00005d40    00000020     F2837xD_GlobalVariableDefs.obj (Cmpss7RegsFile)

Cmpss8RegsFile 
*          1    00005d60    00000020     UNINITIALIZED
                  00005d60    00000020     F2837xD_GlobalVariableDefs.obj (Cmpss8RegsFile)

Sdfm1RegsFile 
*          1    00005e00    00000080     UNINITIALIZED
                  00005e00    00000080     F2837xD_GlobalVariableDefs.obj (Sdfm1RegsFile)

Sdfm2RegsFile 
*          1    00005e80    00000080     UNINITIALIZED
                  00005e80    00000080     F2837xD_GlobalVariableDefs.obj (Sdfm2RegsFile)

McbspaRegsFile 
*          1    00006000    00000024     UNINITIALIZED
                  00006000    00000024     F2837xD_GlobalVariableDefs.obj (McbspaRegsFile)

McbspbRegsFile 
*          1    00006040    00000024     UNINITIALIZED
                  00006040    00000024     F2837xD_GlobalVariableDefs.obj (McbspbRegsFile)

SpiaRegsFile 
*          1    00006100    00000010     UNINITIALIZED
                  00006100    00000010     F2837xD_GlobalVariableDefs.obj (SpiaRegsFile)

SpibRegsFile 
*          1    00006110    00000010     UNINITIALIZED
                  00006110    00000010     F2837xD_GlobalVariableDefs.obj (SpibRegsFile)

SpicRegsFile 
*          1    00006120    00000010     UNINITIALIZED
                  00006120    00000010     F2837xD_GlobalVariableDefs.obj (SpicRegsFile)

UppRegsFile 
*          1    00006200    00000048     UNINITIALIZED
                  00006200    00000048     F2837xD_GlobalVariableDefs.obj (UppRegsFile)

WdRegsFile 
*          1    00007000    0000002b     UNINITIALIZED
                  00007000    0000002b     F2837xD_GlobalVariableDefs.obj (WdRegsFile)

NmiIntruptRegsFile 
*          1    00007060    00000007     UNINITIALIZED
                  00007060    00000007     F2837xD_GlobalVariableDefs.obj (NmiIntruptRegsFile)

XintRegsFile 
*          1    00007070    0000000b     UNINITIALIZED
                  00007070    0000000b     F2837xD_GlobalVariableDefs.obj (XintRegsFile)

SciaRegsFile 
*          1    00007200    00000010     UNINITIALIZED
                  00007200    00000010     F2837xD_GlobalVariableDefs.obj (SciaRegsFile)

ScibRegsFile 
*          1    00007210    00000010     UNINITIALIZED
                  00007210    00000010     F2837xD_GlobalVariableDefs.obj (ScibRegsFile)

ScicRegsFile 
*          1    00007220    00000010     UNINITIALIZED
                  00007220    00000010     F2837xD_GlobalVariableDefs.obj (ScicRegsFile)

ScidRegsFile 
*          1    00007230    00000010     UNINITIALIZED
                  00007230    00000010     F2837xD_GlobalVariableDefs.obj (ScidRegsFile)

I2caRegsFile 
*          1    00007300    00000022     UNINITIALIZED
                  00007300    00000022     F2837xD_GlobalVariableDefs.obj (I2caRegsFile)

I2cbRegsFile 
*          1    00007340    00000022     UNINITIALIZED
                  00007340    00000022     F2837xD_GlobalVariableDefs.obj (I2cbRegsFile)

AdcaRegsFile 
*          1    00007400    00000080     UNINITIALIZED
                  00007400    00000080     F2837xD_GlobalVariableDefs.obj (AdcaRegsFile)

AdcbRegsFile 
*          1    00007480    00000080     UNINITIALIZED
                  00007480    00000080     F2837xD_GlobalVariableDefs.obj (AdcbRegsFile)

AdccRegsFile 
*          1    00007500    00000080     UNINITIALIZED
                  00007500    00000080     F2837xD_GlobalVariableDefs.obj (AdccRegsFile)

AdcdRegsFile 
*          1    00007580    00000080     UNINITIALIZED
                  00007580    00000080     F2837xD_GlobalVariableDefs.obj (AdcdRegsFile)

InputXbarRegsFile 
*          1    00007900    00000020     UNINITIALIZED
                  00007900    00000020     F2837xD_GlobalVariableDefs.obj (InputXbarRegsFile)

XbarRegsFile 
*          1    00007920    00000020     UNINITIALIZED
                  00007920    00000020     F2837xD_GlobalVariableDefs.obj (XbarRegsFile)

SyncSocRegsFile 
*          1    00007940    00000006     UNINITIALIZED
                  00007940    00000006     F2837xD_GlobalVariableDefs.obj (SyncSocRegsFile)

DmaClaSrcSelRegsFile 
*          1    00007980    0000001a     UNINITIALIZED
                  00007980    0000001a     F2837xD_GlobalVariableDefs.obj (DmaClaSrcSelRegsFile)

EPwmXbarRegsFile 
*          1    00007a00    00000040     UNINITIALIZED
                  00007a00    00000040     F2837xD_GlobalVariableDefs.obj (EPwmXbarRegsFile)

OutputXbarRegsFile 
*          1    00007a80    00000040     UNINITIALIZED
                  00007a80    00000040     F2837xD_GlobalVariableDefs.obj (OutputXbarRegsFile)

GpioCtrlRegsFile 
*          1    00007c00    00000180     UNINITIALIZED
                  00007c00    00000180     F2837xD_GlobalVariableDefs.obj (GpioCtrlRegsFile)

GpioDataRegsFile 
*          1    00007f00    00000030     UNINITIALIZED
                  00007f00    00000030     F2837xD_GlobalVariableDefs.obj (GpioDataRegsFile)

.ebss      1    0000a800    0000003a     UNINITIALIZED
                  0000a800    0000001c     booster_eqep.obj (.ebss)
                  0000a81c    0000000e     booster_epwm.obj (.ebss)
                  0000a82a    00000006     rts2800_fpu32.lib : exit.obj (.ebss)
                  0000a830    00000005     f28379d_motor_control_rotation.obj (.ebss)
                  0000a835    00000001     --HOLE--
                  0000a836    00000002     rts2800_fpu32.lib : _lock.obj (.ebss:__lock)
                  0000a838    00000002                       : _lock.obj (.ebss:__unlock)

Emif1RegsFile 
*          1    00047000    00000070     UNINITIALIZED
                  00047000    00000070     F2837xD_GlobalVariableDefs.obj (Emif1RegsFile)

Emif2RegsFile 
*          1    00047800    00000070     UNINITIALIZED
                  00047800    00000070     F2837xD_GlobalVariableDefs.obj (Emif2RegsFile)

CanaRegsFile 
*          1    00048000    00000164     UNINITIALIZED
                  00048000    00000164     F2837xD_GlobalVariableDefs.obj (CanaRegsFile)

CanbRegsFile 
*          1    0004a000    00000164     UNINITIALIZED
                  0004a000    00000164     F2837xD_GlobalVariableDefs.obj (CanbRegsFile)

IpcRegsFile 
*          1    00050000    00000024     UNINITIALIZED
                  00050000    00000024     F2837xD_GlobalVariableDefs.obj (IpcRegsFile)

FlashPumpSemaphoreRegsFile 
*          1    00050024    00000002     UNINITIALIZED
                  00050024    00000002     F2837xD_GlobalVariableDefs.obj (FlashPumpSemaphoreRegsFile)

DevCfgRegsFile 
*          1    0005d000    0000012e     UNINITIALIZED
                  0005d000    0000012e     F2837xD_GlobalVariableDefs.obj (DevCfgRegsFile)

AnalogSubsysRegsFile 
*          1    0005d180    00000048     UNINITIALIZED
                  0005d180    00000048     F2837xD_GlobalVariableDefs.obj (AnalogSubsysRegsFile)

Cla1SoftIntRegsFile 
*          1    00000ce0    00000004     DSECT
                  00000ce0    00000004     F2837xD_GlobalVariableDefs.obj (Cla1SoftIntRegsFile)

ClkCfgRegsFile 
*          1    0005d200    00000032     UNINITIALIZED
                  0005d200    00000032     F2837xD_GlobalVariableDefs.obj (ClkCfgRegsFile)

CpuSysRegsFile 
*          1    0005d300    00000082     UNINITIALIZED
                  0005d300    00000082     F2837xD_GlobalVariableDefs.obj (CpuSysRegsFile)

RomPrefetchRegsFile 
*          1    0005e608    00000002     UNINITIALIZED
                  0005e608    00000002     F2837xD_GlobalVariableDefs.obj (RomPrefetchRegsFile)

DcsmZ1RegsFile 
*          1    0005f000    00000024     UNINITIALIZED
                  0005f000    00000024     F2837xD_GlobalVariableDefs.obj (DcsmZ1RegsFile)

DcsmZ2RegsFile 
*          1    0005f040    00000024     UNINITIALIZED
                  0005f040    00000024     F2837xD_GlobalVariableDefs.obj (DcsmZ2RegsFile)

DcsmCommonRegsFile 
*          1    0005f070    00000008     UNINITIALIZED
                  0005f070    00000008     F2837xD_GlobalVariableDefs.obj (DcsmCommonRegsFile)

MemCfgRegsFile 
*          1    0005f400    00000080     UNINITIALIZED
                  0005f400    00000080     F2837xD_GlobalVariableDefs.obj (MemCfgRegsFile)

Emif1ConfigRegsFile 
*          1    0005f480    00000020     UNINITIALIZED
                  0005f480    00000020     F2837xD_GlobalVariableDefs.obj (Emif1ConfigRegsFile)

Emif2ConfigRegsFile 
*          1    0005f4a0    00000020     UNINITIALIZED
                  0005f4a0    00000020     F2837xD_GlobalVariableDefs.obj (Emif2ConfigRegsFile)

AccessProtectionRegsFile 
*          1    0005f4c0    00000040     UNINITIALIZED
                  0005f4c0    00000040     F2837xD_GlobalVariableDefs.obj (AccessProtectionRegsFile)

MemoryErrorRegsFile 
*          1    0005f500    00000040     UNINITIALIZED
                  0005f500    00000040     F2837xD_GlobalVariableDefs.obj (MemoryErrorRegsFile)

RomWaitStateRegsFile 
*          1    0005f540    00000002     UNINITIALIZED
                  0005f540    00000002     F2837xD_GlobalVariableDefs.obj (RomWaitStateRegsFile)

Flash0CtrlRegsFile 
*          1    0005f800    00000182     UNINITIALIZED
                  0005f800    00000182     F2837xD_GlobalVariableDefs.obj (Flash0CtrlRegsFile)

Flash0EccRegsFile 
*          1    0005fb00    00000028     UNINITIALIZED
                  0005fb00    00000028     F2837xD_GlobalVariableDefs.obj (Flash0EccRegsFile)

MODULE SUMMARY

       Module                               code   initialized data   uninitialized data
       ------                               ----   ----------------   ------------------
    .\
       F2837xD_GlobalVariableDefs.obj       0      0                  8695              
       F2837xD_DefaultISR.obj               1413   0                  0                 
       f28379d_motor_control_rotation.obj   48     20                 5                 
       F2837xD_usDelay.obj                  8      0                  0                 
       F2837xD_CodeStartBranch.obj          2      0                  0                 
    +--+------------------------------------+------+------------------+--------------------+
       Total:                               1471   20                 8700              
                                                                                        
    .\booster\
       booster_epwm.obj                     661    88                 14                
       booster_eqep.obj                     590    79                 28                
       booster_pinout.obj                   422    71                 0                 
       booster_motor.obj                    361    12                 0                 
    +--+------------------------------------+------+------------------+--------------------+
       Total:                               2034   250                42                
                                                                                        
    .\device\
       device.obj                           493    19                 0                 
    +--+------------------------------------+------+------------------+--------------------+
       Total:                               493    19                 0                 
                                                                                        
    ../driverlib.lib
       sysctl.obj                           786    102                0                 
       flash.obj                            683    203                0                 
       gpio.obj                             206    200                0                 
       interrupt.obj                        211    105                0                 
       epwm.obj                             93     100                0                 
    +--+------------------------------------+------+------------------+--------------------+
       Total:                               1979   710                0                 
                                                                                        
    C:\ti\ccs730\ccsv7\tools\compiler\ti-cgt-c2000_16.9.4.LTS\lib\rts2800_fpu32.lib
       fd_add28.obj                         156    0                  0                 
       fd_div28.obj                         139    0                  0                 
       fs_div28.obj                         136    0                  0                 
       fd_mpy28.obj                         131    0                  0                 
       boot28.obj                           86     0                  0                 
       exit.obj                             41     14                 6                 
       cpy_tbl.obj                          36     0                  0                 
       fd_tol28.obj                         31     0                  0                 
       memcpy.obj                           30     0                  0                 
       args_main.obj                        25     0                  0                 
       _lock.obj                            9      10                 4                 
       ul_tofd28.obj                        22     0                  0                 
       fd_sub28.obj                         14     0                  0                 
       pre_init.obj                         2      0                  0                 
       startup.obj                          1      0                  0                 
    +--+------------------------------------+------+------------------+--------------------+
       Total:                               859    24                 10                
                                                                                        
       Stack:                               0      0                  256               
    +--+------------------------------------+------+------------------+--------------------+
       Grand Total:                         6836   1023               9008              


GLOBAL DATA SYMBOLS: SORTED BY DATA PAGE

address     data page           name
--------    ----------------    ----
00000400      10 (00000400)     __stack

00000b00      2c (00000b00)     _AdcaResultRegs
00000b20      2c (00000b00)     _AdcbResultRegs

00000b40      2d (00000b40)     _AdccResultRegs
00000b60      2d (00000b40)     _AdcdResultRegs

00000c00      30 (00000c00)     _CpuTimer0Regs
00000c08      30 (00000c00)     _CpuTimer1Regs
00000c10      30 (00000c00)     _CpuTimer2Regs

00000ce0      33 (00000cc0)     _Cla1SoftIntRegs
00000ce0      33 (00000cc0)     _PieCtrlRegs

00000d00      34 (00000d00)     _EmuBMode
00000d00      34 (00000d00)     _PieVectTable
00000d01      34 (00000d00)     _EmuBootPins

00001000      40 (00001000)     _DmaRegs

00001400      50 (00001400)     _Cla1Regs

00004000     100 (00004000)     _EPwm1Regs

00004100     104 (00004100)     _EPwm2Regs

00004200     108 (00004200)     _EPwm3Regs

00004300     10c (00004300)     _EPwm4Regs

00004400     110 (00004400)     _EPwm5Regs

00004500     114 (00004500)     _EPwm6Regs

00004600     118 (00004600)     _EPwm7Regs

00004700     11c (00004700)     _EPwm8Regs

00004800     120 (00004800)     _EPwm9Regs

00004900     124 (00004900)     _EPwm10Regs

00004a00     128 (00004a00)     _EPwm11Regs

00004b00     12c (00004b00)     _EPwm12Regs

00005000     140 (00005000)     _ECap1Regs
00005020     140 (00005000)     _ECap2Regs

00005040     141 (00005040)     _ECap3Regs
00005060     141 (00005040)     _ECap4Regs

00005080     142 (00005080)     _ECap5Regs
000050a0     142 (00005080)     _ECap6Regs

00005100     144 (00005100)     _EQep1Regs

00005140     145 (00005140)     _EQep2Regs

00005180     146 (00005180)     _EQep3Regs

00005c00     170 (00005c00)     _DacaRegs
00005c10     170 (00005c00)     _DacbRegs
00005c20     170 (00005c00)     _DaccRegs

00005c80     172 (00005c80)     _Cmpss1Regs
00005ca0     172 (00005c80)     _Cmpss2Regs

00005cc0     173 (00005cc0)     _Cmpss3Regs
00005ce0     173 (00005cc0)     _Cmpss4Regs

00005d00     174 (00005d00)     _Cmpss5Regs
00005d20     174 (00005d00)     _Cmpss6Regs

00005d40     175 (00005d40)     _Cmpss7Regs
00005d60     175 (00005d40)     _Cmpss8Regs

00005e00     178 (00005e00)     _Sdfm1Regs

00005e80     17a (00005e80)     _Sdfm2Regs

00006000     180 (00006000)     _McbspaRegs

00006040     181 (00006040)     _McbspbRegs

00006100     184 (00006100)     _SpiaRegs
00006110     184 (00006100)     _SpibRegs
00006120     184 (00006100)     _SpicRegs

00006200     188 (00006200)     _UppRegs

00007000     1c0 (00007000)     _WdRegs

00007060     1c1 (00007040)     _NmiIntruptRegs
00007070     1c1 (00007040)     _XintRegs

00007200     1c8 (00007200)     _SciaRegs
00007210     1c8 (00007200)     _ScibRegs
00007220     1c8 (00007200)     _ScicRegs
00007230     1c8 (00007200)     _ScidRegs

00007300     1cc (00007300)     _I2caRegs

00007340     1cd (00007340)     _I2cbRegs

00007400     1d0 (00007400)     _AdcaRegs

00007480     1d2 (00007480)     _AdcbRegs

00007500     1d4 (00007500)     _AdccRegs

00007580     1d6 (00007580)     _AdcdRegs

00007900     1e4 (00007900)     _InputXbarRegs
00007920     1e4 (00007900)     _XbarRegs

00007940     1e5 (00007940)     _SyncSocRegs

00007980     1e6 (00007980)     _DmaClaSrcSelRegs

00007a00     1e8 (00007a00)     _EPwmXbarRegs

00007a80     1ea (00007a80)     _OutputXbarRegs

00007c00     1f0 (00007c00)     _GpioCtrlRegs

00007f00     1fc (00007f00)     _GpioDataRegs

0000a800     2a0 (0000a800)     _LeftMotor
0000a80e     2a0 (0000a800)     _RightMotor
0000a81c     2a0 (0000a800)     _MotorBases
0000a82a     2a0 (0000a800)     ___TI_enable_exit_profile_output
0000a82c     2a0 (0000a800)     ___TI_cleanup_ptr
0000a82e     2a0 (0000a800)     ___TI_dtors_ptr
0000a830     2a0 (0000a800)     _motor
0000a831     2a0 (0000a800)     _doCMD
0000a832     2a0 (0000a800)     _duration
0000a833     2a0 (0000a800)     _motor_speed
0000a834     2a0 (0000a800)     _dir
0000a836     2a0 (0000a800)     __lock
0000a838     2a0 (0000a800)     __unlock

00047000    11c0 (00047000)     _Emif1Regs

00047800    11e0 (00047800)     _Emif2Regs

00048000    1200 (00048000)     _CanaRegs

0004a000    1280 (0004a000)     _CanbRegs

00050000    1400 (00050000)     _IpcRegs
00050024    1400 (00050000)     _FlashPumpSemaphoreRegs

0005d000    1740 (0005d000)     _DevCfgRegs

0005d180    1746 (0005d180)     _AnalogSubsysRegs

0005d200    1748 (0005d200)     _ClkCfgRegs

0005d300    174c (0005d300)     _CpuSysRegs

0005e608    1798 (0005e600)     _RomPrefetchRegs

0005f000    17c0 (0005f000)     _DcsmZ1Regs

0005f040    17c1 (0005f040)     _DcsmZ2Regs
0005f070    17c1 (0005f040)     _DcsmCommonRegs

0005f400    17d0 (0005f400)     _MemCfgRegs

0005f480    17d2 (0005f480)     _Emif1ConfigRegs
0005f4a0    17d2 (0005f480)     _Emif2ConfigRegs

0005f4c0    17d3 (0005f4c0)     _AccessProtectionRegs

0005f500    17d4 (0005f500)     _MemoryErrorRegs

0005f540    17d5 (0005f540)     _RomWaitStateRegs

0005f800    17e0 (0005f800)     _Flash0CtrlRegs

0005fb00    17ec (0005fb00)     _Flash0EccRegs


GLOBAL SYMBOLS: SORTED ALPHABETICALLY BY Name 

page  address   name                                      
----  -------   ----                                      
abs   ffffffff  .text                                     
0     000836f7  C$$EXIT                                   
0     000831cd  FD$$ADD                                   
0     00083269  FD$$DIV                                   
0     0008337c  FD$$MPY                                   
0     0008383c  FD$$SUB                                   
0     00083764  FD$$TOL                                   
0     000832f4  FS$$DIV                                   
0     000837ea  UL$$TOFD                                  
0     00082106  _ADCA1_ISR                                
0     00082386  _ADCA2_ISR                                
0     00082390  _ADCA3_ISR                                
0     0008239a  _ADCA4_ISR                                
0     0008237c  _ADCA_EVT_ISR                             
0     00082110  _ADCB1_ISR                                
0     000823ae  _ADCB2_ISR                                
0     000823b8  _ADCB3_ISR                                
0     000823c2  _ADCB4_ISR                                
0     000823a4  _ADCB_EVT_ISR                             
0     0008211a  _ADCC1_ISR                                
0     00082516  _ADCC2_ISR                                
0     00082520  _ADCC3_ISR                                
0     0008252a  _ADCC4_ISR                                
0     0008250c  _ADCC_EVT_ISR                             
0     00082138  _ADCD1_ISR                                
0     0008253e  _ADCD2_ISR                                
0     00082548  _ADCD3_ISR                                
0     00082552  _ADCD4_ISR                                
0     00082534  _ADCD_EVT_ISR                             
0     0008258e  _AUX_PLL_SLIP_ISR                         
1     0005f4c0  _AccessProtectionRegs                     
1     00007400  _AdcaRegs                                 
1     00000b00  _AdcaResultRegs                           
1     00007480  _AdcbRegs                                 
1     00000b20  _AdcbResultRegs                           
1     00007500  _AdccRegs                                 
1     00000b40  _AdccResultRegs                           
1     00007580  _AdcdRegs                                 
1     00000b60  _AdcdResultRegs                           
1     0005d180  _AnalogSubsysRegs                         
0     00082354  _CANA0_ISR                                
0     0008235e  _CANA1_ISR                                
0     00082368  _CANB0_ISR                                
0     00082372  _CANB1_ISR                                
0     000823cc  _CLA1_1_ISR                               
0     000823d6  _CLA1_2_ISR                               
0     000823e0  _CLA1_3_ISR                               
0     000823ea  _CLA1_4_ISR                               
0     000823f4  _CLA1_5_ISR                               
0     000823fe  _CLA1_6_ISR                               
0     00082408  _CLA1_7_ISR                               
0     00082412  _CLA1_8_ISR                               
0     00082598  _CLA_OVERFLOW_ISR                         
0     000825a2  _CLA_UNDERFLOW_ISR                        
1     00048000  _CanaRegs                                 
1     0004a000  _CanbRegs                                 
1     00001400  _Cla1Regs                                 
0     00000ce0  _Cla1SoftIntRegs                          
1     0005d200  _ClkCfgRegs                               
1     00005c80  _Cmpss1Regs                               
1     00005ca0  _Cmpss2Regs                               
1     00005cc0  _Cmpss3Regs                               
1     00005ce0  _Cmpss4Regs                               
1     00005d00  _Cmpss5Regs                               
1     00005d20  _Cmpss6Regs                               
1     00005d40  _Cmpss7Regs                               
1     00005d60  _Cmpss8Regs                               
1     0005d300  _CpuSysRegs                               
1     00000c00  _CpuTimer0Regs                            
1     00000c08  _CpuTimer1Regs                            
1     00000c10  _CpuTimer2Regs                            
0     0008205c  _DATALOG_ISR                              
0     000822a0  _DMA_CH1_ISR                              
0     000822aa  _DMA_CH2_ISR                              
0     000822b4  _DMA_CH3_ISR                              
0     000822be  _DMA_CH4_ISR                              
0     000822c8  _DMA_CH5_ISR                              
0     000822d2  _DMA_CH6_ISR                              
1     00005c00  _DacaRegs                                 
1     00005c10  _DacbRegs                                 
1     00005c20  _DaccRegs                                 
1     0005f070  _DcsmCommonRegs                           
1     0005f000  _DcsmZ1Regs                               
1     0005f040  _DcsmZ2Regs                               
1     0005d000  _DevCfgRegs                               
0     00082b09  _Device_enableAllPeripherals              
0     00082c53  _Device_enableUnbondedGPIOPullups         
0     00082c30  _Device_enableUnbondedGPIOPullupsFor100Pin
0     00082c19  _Device_enableUnbondedGPIOPullupsFor176Pin
0     00082ac5  _Device_init                              
0     00082bf8  _Device_initGPIO                          
1     00007980  _DmaClaSrcSelRegs                         
1     00001000  _DmaRegs                                  
0     000821f6  _ECAP1_ISR                                
0     00082200  _ECAP2_ISR                                
0     0008220a  _ECAP3_ISR                                
0     00082214  _ECAP4_ISR                                
0     0008221e  _ECAP5_ISR                                
0     00082228  _ECAP6_ISR                                
1     00005000  _ECap1Regs                                
1     00005020  _ECap2Regs                                
1     00005040  _ECap3Regs                                
1     00005060  _ECap4Regs                                
1     00005080  _ECap5Regs                                
1     000050a0  _ECap6Regs                                
0     0008255c  _EMIF_ERROR_ISR                           
0     000825b6  _EMPTY_ISR                                
0     00082070  _EMU_ISR                                  
0     000824b2  _EPWM10_ISR                               
0     0008248a  _EPWM10_TZ_ISR                            
0     000824bc  _EPWM11_ISR                               
0     00082494  _EPWM11_TZ_ISR                            
0     000824c6  _EPWM12_ISR                               
0     0008249e  _EPWM12_TZ_ISR                            
0     000821a6  _EPWM1_ISR                                
0     00082156  _EPWM1_TZ_ISR                             
0     000821b0  _EPWM2_ISR                                
0     00082160  _EPWM2_TZ_ISR                             
0     000821ba  _EPWM3_ISR                                
0     0008216a  _EPWM3_TZ_ISR                             
0     000821c4  _EPWM4_ISR                                
0     00082174  _EPWM4_TZ_ISR                             
0     000821ce  _EPWM5_ISR                                
0     0008217e  _EPWM5_TZ_ISR                             
0     000821d8  _EPWM6_ISR                                
0     00082188  _EPWM6_TZ_ISR                             
0     000821e2  _EPWM7_ISR                                
0     00082192  _EPWM7_TZ_ISR                             
0     000821ec  _EPWM8_ISR                                
0     0008219c  _EPWM8_TZ_ISR                             
0     000824a8  _EPWM9_ISR                                
0     00082480  _EPWM9_TZ_ISR                             
0     000837d4  _EPWM_setEmulationMode                    
1     00004900  _EPwm10Regs                               
1     00004a00  _EPwm11Regs                               
1     00004b00  _EPwm12Regs                               
1     00004000  _EPwm1Regs                                
1     00004100  _EPwm2Regs                                
1     00004200  _EPwm3Regs                                
1     00004300  _EPwm4Regs                                
1     00004400  _EPwm5Regs                                
1     00004500  _EPwm6Regs                                
1     00004600  _EPwm7Regs                                
1     00004700  _EPwm8Regs                                
1     00004800  _EPwm9Regs                                
1     00007a00  _EPwmXbarRegs                             
0     00082232  _EQEP1_ISR                                
0     0008315b  _EQEP1_interrupt                          
0     0008223c  _EQEP2_ISR                                
0     000830e9  _EQEP2_interrupt                          
0     00082246  _EQEP3_ISR                                
1     00005100  _EQep1Regs                                
1     00005140  _EQep2Regs                                
1     00005180  _EQep3Regs                                
1     0005f480  _Emif1ConfigRegs                          
1     00047000  _Emif1Regs                                
1     0005f4a0  _Emif2ConfigRegs                          
1     00047800  _Emif2Regs                                
1     00000d00  _EmuBMode                                 
1     00000d01  _EmuBootPins                              
0     00008131  _F28x_usDelay                             
0     00082570  _FLASH_CORRECTABLE_ERROR_ISR              
0     00082444  _FPU_OVERFLOW_ISR                         
0     0008244e  _FPU_UNDERFLOW_ISR                        
1     0005f800  _Flash0CtrlRegs                           
1     0005fb00  _Flash0EccRegs                            
1     00050024  _FlashPumpSemaphoreRegs                   
0     00008000  _Flash_initModule                         
0     0008366d  _GPIO_setDirectionMode                    
0     00083517  _GPIO_setPadConfig                        
0     000835fd  _GPIO_setPinConfig                        
1     00007c00  _GpioCtrlRegs                             
1     00007f00  _GpioDataRegs                             
0     000822e6  _I2CA_FIFO_ISR                            
0     000822dc  _I2CA_ISR                                 
0     000822fa  _I2CB_FIFO_ISR                            
0     000822f0  _I2CB_ISR                                 
1     00007300  _I2caRegs                                 
1     00007340  _I2cbRegs                                 
0     00082084  _ILLEGAL_ISR                              
0     00082458  _IPC0_ISR                                 
0     00082462  _IPC1_ISR                                 
0     0008246c  _IPC2_ISR                                 
0     00082476  _IPC3_ISR                                 
1     00007900  _InputXbarRegs                            
0     0008363a  _Interrupt_enable                         
0     000834c3  _Interrupt_initModule                     
0     00083744  _Interrupt_initVectorTable                
1     00050000  _IpcRegs                                  
1     0000a800  _LeftMotor                                
0     00082278  _MCBSPA_RX_ISR                            
0     00082282  _MCBSPA_TX_ISR                            
0     0008228c  _MCBSPB_RX_ISR                            
0     00082296  _MCBSPB_TX_ISR                            
1     00006000  _McbspaRegs                               
1     00006040  _McbspbRegs                               
1     0005f400  _MemCfgRegs                               
1     0005f500  _MemoryErrorRegs                          
1     0000a81c  _MotorBases                               
0     0008207a  _NMI_ISR                                  
0     000825c3  _NOTUSED_ISR                              
1     00007060  _NmiIntruptRegs                           
1     00007a80  _OutputXbarRegs                           
0     000825ac  _PIE_RESERVED_ISR                         
1     00000ce0  _PieCtrlRegs                              
1     00000d00  _PieVectTable                             
0     0008257a  _RAM_ACCESS_VIOLATION_ISR                 
0     00082566  _RAM_CORRECTABLE_ERROR_ISR                
0     00082066  _RTOS_ISR                                 
0     00086139  _RamfuncsLoadEnd                          
abs   00000139  _RamfuncsLoadSize                         
0     00086000  _RamfuncsLoadStart                        
0     00008139  _RamfuncsRunEnd                           
abs   00000139  _RamfuncsRunSize                          
0     00008000  _RamfuncsRunStart                         
1     0000a80e  _RightMotor                               
1     0005e608  _RomPrefetchRegs                          
1     0005f540  _RomWaitStateRegs                         
0     0008232c  _SCIA_RX_ISR                              
0     00082336  _SCIA_TX_ISR                              
0     00082340  _SCIB_RX_ISR                              
0     0008234a  _SCIB_TX_ISR                              
0     00082304  _SCIC_RX_ISR                              
0     0008230e  _SCIC_TX_ISR                              
0     00082318  _SCID_RX_ISR                              
0     00082322  _SCID_TX_ISR                              
0     000824d0  _SD1_ISR                                  
0     000824da  _SD2_ISR                                  
0     00082250  _SPIA_RX_ISR                              
0     0008225a  _SPIA_TX_ISR                              
0     00082264  _SPIB_RX_ISR                              
0     0008226e  _SPIB_TX_ISR                              
0     000824e4  _SPIC_RX_ISR                              
0     000824ee  _SPIC_TX_ISR                              
0     00082584  _SYS_PLL_SLIP_ISR                         
1     00007200  _SciaRegs                                 
1     00007210  _ScibRegs                                 
1     00007220  _ScicRegs                                 
1     00007230  _ScidRegs                                 
1     00005e00  _Sdfm1Regs                                
1     00005e80  _Sdfm2Regs                                
1     00006100  _SpiaRegs                                 
1     00006110  _SpibRegs                                 
1     00006120  _SpicRegs                                 
1     00007940  _SyncSocRegs                              
0     00008135  _SysCtl_delay                             
0     000833ff  _SysCtl_getClock                          
0     000837a1  _SysCtl_getLowSpeedClock                  
0     00083569  _SysCtl_selectOscSource                   
0     00082862  _SysCtl_setClock                          
0     00082142  _TIMER0_ISR                               
0     00082048  _TIMER1_ISR                               
0     00082052  _TIMER2_ISR                               
0     000824f8  _UPPA_ISR                                 
0     00082502  _USBA_ISR                                 
0     000820e8  _USER10_ISR                               
0     000820f2  _USER11_ISR                               
0     000820fc  _USER12_ISR                               
0     0008208e  _USER1_ISR                                
0     00082098  _USER2_ISR                                
0     000820a2  _USER3_ISR                                
0     000820ac  _USER4_ISR                                
0     000820b6  _USER5_ISR                                
0     000820c0  _USER6_ISR                                
0     000820ca  _USER7_ISR                                
0     000820d4  _USER8_ISR                                
0     000820de  _USER9_ISR                                
1     00006200  _UppRegs                                  
0     0008243a  _VCU_ISR                                  
0     0008214c  _WAKE_ISR                                 
1     00007000  _WdRegs                                   
0     00082124  _XINT1_ISR                                
0     0008212e  _XINT2_ISR                                
0     0008241c  _XINT3_ISR                                
0     00082426  _XINT4_ISR                                
0     00082430  _XINT5_ISR                                
1     00007920  _XbarRegs                                 
1     00007070  _XintRegs                                 
1     00000500  __STACK_END                               
abs   00000100  __STACK_SIZE                              
1     0000a82c  ___TI_cleanup_ptr                         
1     0000a82e  ___TI_dtors_ptr                           
1     0000a82a  ___TI_enable_exit_profile_output          
abs   ffffffff  ___TI_pprof_out_hndl                      
abs   ffffffff  ___TI_prof_data_size                      
abs   ffffffff  ___TI_prof_data_start                     
abs   ffffffff  ___binit__                                
abs   ffffffff  ___c_args__                               
0     00082000  ___cinit__                                
0     00082c69  ___error__                                
abs   ffffffff  ___etext__                                
abs   ffffffff  ___pinit__                                
abs   ffffffff  ___text__                                 
0     000837bb  __args_main                               
1     0000a836  __lock                                    
0     00083880  __nop                                     
0     0008387c  __register_lock                           
0     00083878  __register_unlock                         
1     00000400  __stack                                   
0     00083887  __system_post_cinit                       
0     00083885  __system_pre_init                         
1     0000a838  __unlock                                  
0     000836f7  _abort                                    
0     00082ca6  _booster_Pinout_init                      
0     00082814  _booster_epwm_init                        
0     000827d7  _booster_epwm_initAllEPWMs                
0     000827fe  _booster_epwm_setDuty                     
0     00082776  _booster_epwm_startMotor                  
0     000827be  _booster_epwm_stopFree                    
0     000827a5  _booster_epwm_stopMotor                   
0     00082f34  _booster_eqep_initAllEQEP                 
0     00082f57  _booster_eqep_initEQEP                    
0     00082f80  _booster_motor_moveForMillis              
0     00082fce  _booster_motor_moveForTicks               
0     00083000  _booster_motor_moveTwoMotorsForTicks      
0     0008346d  _c_int00                                  
0     00083720  _copy_in                                  
1     0000a834  _dir                                      
1     0000a831  _doCMD                                    
1     0000a832  _duration                                 
0     000836f9  _exit                                     
0     0008369e  _main                                     
0     00083783  _memcpy                                   
1     0000a830  _motor                                    
1     0000a833  _motor_speed                              
abs   ffffffff  binit                                     
0     00082000  cinit                                     
0     00080000  code_start                                
abs   ffffffff  etext                                     
abs   ffffffff  pinit                                     


GLOBAL SYMBOLS: SORTED BY Symbol Address 

page  address   name                                      
----  -------   ----                                      
0     00000ce0  _Cla1SoftIntRegs                          
0     00008000  _Flash_initModule                         
0     00008000  _RamfuncsRunStart                         
0     00008131  _F28x_usDelay                             
0     00008135  _SysCtl_delay                             
0     00008139  _RamfuncsRunEnd                           
0     00080000  code_start                                
0     00082000  ___cinit__                                
0     00082000  cinit                                     
0     00082048  _TIMER1_ISR                               
0     00082052  _TIMER2_ISR                               
0     0008205c  _DATALOG_ISR                              
0     00082066  _RTOS_ISR                                 
0     00082070  _EMU_ISR                                  
0     0008207a  _NMI_ISR                                  
0     00082084  _ILLEGAL_ISR                              
0     0008208e  _USER1_ISR                                
0     00082098  _USER2_ISR                                
0     000820a2  _USER3_ISR                                
0     000820ac  _USER4_ISR                                
0     000820b6  _USER5_ISR                                
0     000820c0  _USER6_ISR                                
0     000820ca  _USER7_ISR                                
0     000820d4  _USER8_ISR                                
0     000820de  _USER9_ISR                                
0     000820e8  _USER10_ISR                               
0     000820f2  _USER11_ISR                               
0     000820fc  _USER12_ISR                               
0     00082106  _ADCA1_ISR                                
0     00082110  _ADCB1_ISR                                
0     0008211a  _ADCC1_ISR                                
0     00082124  _XINT1_ISR                                
0     0008212e  _XINT2_ISR                                
0     00082138  _ADCD1_ISR                                
0     00082142  _TIMER0_ISR                               
0     0008214c  _WAKE_ISR                                 
0     00082156  _EPWM1_TZ_ISR                             
0     00082160  _EPWM2_TZ_ISR                             
0     0008216a  _EPWM3_TZ_ISR                             
0     00082174  _EPWM4_TZ_ISR                             
0     0008217e  _EPWM5_TZ_ISR                             
0     00082188  _EPWM6_TZ_ISR                             
0     00082192  _EPWM7_TZ_ISR                             
0     0008219c  _EPWM8_TZ_ISR                             
0     000821a6  _EPWM1_ISR                                
0     000821b0  _EPWM2_ISR                                
0     000821ba  _EPWM3_ISR                                
0     000821c4  _EPWM4_ISR                                
0     000821ce  _EPWM5_ISR                                
0     000821d8  _EPWM6_ISR                                
0     000821e2  _EPWM7_ISR                                
0     000821ec  _EPWM8_ISR                                
0     000821f6  _ECAP1_ISR                                
0     00082200  _ECAP2_ISR                                
0     0008220a  _ECAP3_ISR                                
0     00082214  _ECAP4_ISR                                
0     0008221e  _ECAP5_ISR                                
0     00082228  _ECAP6_ISR                                
0     00082232  _EQEP1_ISR                                
0     0008223c  _EQEP2_ISR                                
0     00082246  _EQEP3_ISR                                
0     00082250  _SPIA_RX_ISR                              
0     0008225a  _SPIA_TX_ISR                              
0     00082264  _SPIB_RX_ISR                              
0     0008226e  _SPIB_TX_ISR                              
0     00082278  _MCBSPA_RX_ISR                            
0     00082282  _MCBSPA_TX_ISR                            
0     0008228c  _MCBSPB_RX_ISR                            
0     00082296  _MCBSPB_TX_ISR                            
0     000822a0  _DMA_CH1_ISR                              
0     000822aa  _DMA_CH2_ISR                              
0     000822b4  _DMA_CH3_ISR                              
0     000822be  _DMA_CH4_ISR                              
0     000822c8  _DMA_CH5_ISR                              
0     000822d2  _DMA_CH6_ISR                              
0     000822dc  _I2CA_ISR                                 
0     000822e6  _I2CA_FIFO_ISR                            
0     000822f0  _I2CB_ISR                                 
0     000822fa  _I2CB_FIFO_ISR                            
0     00082304  _SCIC_RX_ISR                              
0     0008230e  _SCIC_TX_ISR                              
0     00082318  _SCID_RX_ISR                              
0     00082322  _SCID_TX_ISR                              
0     0008232c  _SCIA_RX_ISR                              
0     00082336  _SCIA_TX_ISR                              
0     00082340  _SCIB_RX_ISR                              
0     0008234a  _SCIB_TX_ISR                              
0     00082354  _CANA0_ISR                                
0     0008235e  _CANA1_ISR                                
0     00082368  _CANB0_ISR                                
0     00082372  _CANB1_ISR                                
0     0008237c  _ADCA_EVT_ISR                             
0     00082386  _ADCA2_ISR                                
0     00082390  _ADCA3_ISR                                
0     0008239a  _ADCA4_ISR                                
0     000823a4  _ADCB_EVT_ISR                             
0     000823ae  _ADCB2_ISR                                
0     000823b8  _ADCB3_ISR                                
0     000823c2  _ADCB4_ISR                                
0     000823cc  _CLA1_1_ISR                               
0     000823d6  _CLA1_2_ISR                               
0     000823e0  _CLA1_3_ISR                               
0     000823ea  _CLA1_4_ISR                               
0     000823f4  _CLA1_5_ISR                               
0     000823fe  _CLA1_6_ISR                               
0     00082408  _CLA1_7_ISR                               
0     00082412  _CLA1_8_ISR                               
0     0008241c  _XINT3_ISR                                
0     00082426  _XINT4_ISR                                
0     00082430  _XINT5_ISR                                
0     0008243a  _VCU_ISR                                  
0     00082444  _FPU_OVERFLOW_ISR                         
0     0008244e  _FPU_UNDERFLOW_ISR                        
0     00082458  _IPC0_ISR                                 
0     00082462  _IPC1_ISR                                 
0     0008246c  _IPC2_ISR                                 
0     00082476  _IPC3_ISR                                 
0     00082480  _EPWM9_TZ_ISR                             
0     0008248a  _EPWM10_TZ_ISR                            
0     00082494  _EPWM11_TZ_ISR                            
0     0008249e  _EPWM12_TZ_ISR                            
0     000824a8  _EPWM9_ISR                                
0     000824b2  _EPWM10_ISR                               
0     000824bc  _EPWM11_ISR                               
0     000824c6  _EPWM12_ISR                               
0     000824d0  _SD1_ISR                                  
0     000824da  _SD2_ISR                                  
0     000824e4  _SPIC_RX_ISR                              
0     000824ee  _SPIC_TX_ISR                              
0     000824f8  _UPPA_ISR                                 
0     00082502  _USBA_ISR                                 
0     0008250c  _ADCC_EVT_ISR                             
0     00082516  _ADCC2_ISR                                
0     00082520  _ADCC3_ISR                                
0     0008252a  _ADCC4_ISR                                
0     00082534  _ADCD_EVT_ISR                             
0     0008253e  _ADCD2_ISR                                
0     00082548  _ADCD3_ISR                                
0     00082552  _ADCD4_ISR                                
0     0008255c  _EMIF_ERROR_ISR                           
0     00082566  _RAM_CORRECTABLE_ERROR_ISR                
0     00082570  _FLASH_CORRECTABLE_ERROR_ISR              
0     0008257a  _RAM_ACCESS_VIOLATION_ISR                 
0     00082584  _SYS_PLL_SLIP_ISR                         
0     0008258e  _AUX_PLL_SLIP_ISR                         
0     00082598  _CLA_OVERFLOW_ISR                         
0     000825a2  _CLA_UNDERFLOW_ISR                        
0     000825ac  _PIE_RESERVED_ISR                         
0     000825b6  _EMPTY_ISR                                
0     000825c3  _NOTUSED_ISR                              
0     00082776  _booster_epwm_startMotor                  
0     000827a5  _booster_epwm_stopMotor                   
0     000827be  _booster_epwm_stopFree                    
0     000827d7  _booster_epwm_initAllEPWMs                
0     000827fe  _booster_epwm_setDuty                     
0     00082814  _booster_epwm_init                        
0     00082862  _SysCtl_setClock                          
0     00082ac5  _Device_init                              
0     00082b09  _Device_enableAllPeripherals              
0     00082bf8  _Device_initGPIO                          
0     00082c19  _Device_enableUnbondedGPIOPullupsFor176Pin
0     00082c30  _Device_enableUnbondedGPIOPullupsFor100Pin
0     00082c53  _Device_enableUnbondedGPIOPullups         
0     00082c69  ___error__                                
0     00082ca6  _booster_Pinout_init                      
0     00082f34  _booster_eqep_initAllEQEP                 
0     00082f57  _booster_eqep_initEQEP                    
0     00082f80  _booster_motor_moveForMillis              
0     00082fce  _booster_motor_moveForTicks               
0     00083000  _booster_motor_moveTwoMotorsForTicks      
0     000830e9  _EQEP2_interrupt                          
0     0008315b  _EQEP1_interrupt                          
0     000831cd  FD$$ADD                                   
0     00083269  FD$$DIV                                   
0     000832f4  FS$$DIV                                   
0     0008337c  FD$$MPY                                   
0     000833ff  _SysCtl_getClock                          
0     0008346d  _c_int00                                  
0     000834c3  _Interrupt_initModule                     
0     00083517  _GPIO_setPadConfig                        
0     00083569  _SysCtl_selectOscSource                   
0     000835fd  _GPIO_setPinConfig                        
0     0008363a  _Interrupt_enable                         
0     0008366d  _GPIO_setDirectionMode                    
0     0008369e  _main                                     
0     000836f7  C$$EXIT                                   
0     000836f7  _abort                                    
0     000836f9  _exit                                     
0     00083720  _copy_in                                  
0     00083744  _Interrupt_initVectorTable                
0     00083764  FD$$TOL                                   
0     00083783  _memcpy                                   
0     000837a1  _SysCtl_getLowSpeedClock                  
0     000837bb  __args_main                               
0     000837d4  _EPWM_setEmulationMode                    
0     000837ea  UL$$TOFD                                  
0     0008383c  FD$$SUB                                   
0     00083878  __register_unlock                         
0     0008387c  __register_lock                           
0     00083880  __nop                                     
0     00083885  __system_pre_init                         
0     00083887  __system_post_cinit                       
0     00086000  _RamfuncsLoadStart                        
0     00086139  _RamfuncsLoadEnd                          
1     00000400  __stack                                   
1     00000500  __STACK_END                               
1     00000b00  _AdcaResultRegs                           
1     00000b20  _AdcbResultRegs                           
1     00000b40  _AdccResultRegs                           
1     00000b60  _AdcdResultRegs                           
1     00000c00  _CpuTimer0Regs                            
1     00000c08  _CpuTimer1Regs                            
1     00000c10  _CpuTimer2Regs                            
1     00000ce0  _PieCtrlRegs                              
1     00000d00  _EmuBMode                                 
1     00000d00  _PieVectTable                             
1     00000d01  _EmuBootPins                              
1     00001000  _DmaRegs                                  
1     00001400  _Cla1Regs                                 
1     00004000  _EPwm1Regs                                
1     00004100  _EPwm2Regs                                
1     00004200  _EPwm3Regs                                
1     00004300  _EPwm4Regs                                
1     00004400  _EPwm5Regs                                
1     00004500  _EPwm6Regs                                
1     00004600  _EPwm7Regs                                
1     00004700  _EPwm8Regs                                
1     00004800  _EPwm9Regs                                
1     00004900  _EPwm10Regs                               
1     00004a00  _EPwm11Regs                               
1     00004b00  _EPwm12Regs                               
1     00005000  _ECap1Regs                                
1     00005020  _ECap2Regs                                
1     00005040  _ECap3Regs                                
1     00005060  _ECap4Regs                                
1     00005080  _ECap5Regs                                
1     000050a0  _ECap6Regs                                
1     00005100  _EQep1Regs                                
1     00005140  _EQep2Regs                                
1     00005180  _EQep3Regs                                
1     00005c00  _DacaRegs                                 
1     00005c10  _DacbRegs                                 
1     00005c20  _DaccRegs                                 
1     00005c80  _Cmpss1Regs                               
1     00005ca0  _Cmpss2Regs                               
1     00005cc0  _Cmpss3Regs                               
1     00005ce0  _Cmpss4Regs                               
1     00005d00  _Cmpss5Regs                               
1     00005d20  _Cmpss6Regs                               
1     00005d40  _Cmpss7Regs                               
1     00005d60  _Cmpss8Regs                               
1     00005e00  _Sdfm1Regs                                
1     00005e80  _Sdfm2Regs                                
1     00006000  _McbspaRegs                               
1     00006040  _McbspbRegs                               
1     00006100  _SpiaRegs                                 
1     00006110  _SpibRegs                                 
1     00006120  _SpicRegs                                 
1     00006200  _UppRegs                                  
1     00007000  _WdRegs                                   
1     00007060  _NmiIntruptRegs                           
1     00007070  _XintRegs                                 
1     00007200  _SciaRegs                                 
1     00007210  _ScibRegs                                 
1     00007220  _ScicRegs                                 
1     00007230  _ScidRegs                                 
1     00007300  _I2caRegs                                 
1     00007340  _I2cbRegs                                 
1     00007400  _AdcaRegs                                 
1     00007480  _AdcbRegs                                 
1     00007500  _AdccRegs                                 
1     00007580  _AdcdRegs                                 
1     00007900  _InputXbarRegs                            
1     00007920  _XbarRegs                                 
1     00007940  _SyncSocRegs                              
1     00007980  _DmaClaSrcSelRegs                         
1     00007a00  _EPwmXbarRegs                             
1     00007a80  _OutputXbarRegs                           
1     00007c00  _GpioCtrlRegs                             
1     00007f00  _GpioDataRegs                             
1     0000a800  _LeftMotor                                
1     0000a80e  _RightMotor                               
1     0000a81c  _MotorBases                               
1     0000a82a  ___TI_enable_exit_profile_output          
1     0000a82c  ___TI_cleanup_ptr                         
1     0000a82e  ___TI_dtors_ptr                           
1     0000a830  _motor                                    
1     0000a831  _doCMD                                    
1     0000a832  _duration                                 
1     0000a833  _motor_speed                              
1     0000a834  _dir                                      
1     0000a836  __lock                                    
1     0000a838  __unlock                                  
1     00047000  _Emif1Regs                                
1     00047800  _Emif2Regs                                
1     00048000  _CanaRegs                                 
1     0004a000  _CanbRegs                                 
1     00050000  _IpcRegs                                  
1     00050024  _FlashPumpSemaphoreRegs                   
1     0005d000  _DevCfgRegs                               
1     0005d180  _AnalogSubsysRegs                         
1     0005d200  _ClkCfgRegs                               
1     0005d300  _CpuSysRegs                               
1     0005e608  _RomPrefetchRegs                          
1     0005f000  _DcsmZ1Regs                               
1     0005f040  _DcsmZ2Regs                               
1     0005f070  _DcsmCommonRegs                           
1     0005f400  _MemCfgRegs                               
1     0005f480  _Emif1ConfigRegs                          
1     0005f4a0  _Emif2ConfigRegs                          
1     0005f4c0  _AccessProtectionRegs                     
1     0005f500  _MemoryErrorRegs                          
1     0005f540  _RomWaitStateRegs                         
1     0005f800  _Flash0CtrlRegs                           
1     0005fb00  _Flash0EccRegs                            
abs   00000100  __STACK_SIZE                              
abs   00000139  _RamfuncsLoadSize                         
abs   00000139  _RamfuncsRunSize                          
abs   ffffffff  .text                                     
abs   ffffffff  ___TI_pprof_out_hndl                      
abs   ffffffff  ___TI_prof_data_size                      
abs   ffffffff  ___TI_prof_data_start                     
abs   ffffffff  ___binit__                                
abs   ffffffff  ___c_args__                               
abs   ffffffff  ___etext__                                
abs   ffffffff  ___pinit__                                
abs   ffffffff  ___text__                                 
abs   ffffffff  binit                                     
abs   ffffffff  etext                                     
abs   ffffffff  pinit                                     

[330 symbols]
