******************************************************************************
             TMS320C2000 Linker PC v16.9.4                     
******************************************************************************
>> Linked Sat Oct 27 01:26:21 2018

OUTPUT FILE NAME:   <F28379D_MotorControl_test_motors.out>
ENTRY POINT SYMBOL: "_c_int00"  address: 0008332b


MEMORY CONFIGURATION

         name            origin    length      used     unused   attr    fill
----------------------  --------  ---------  --------  --------  ----  --------
PAGE 0:
  RAMM0                 00000122   000002de  00000000  000002de  RWIX
  RAMLS0                00008000   00000800  00000139  000006c7  RWIX
  RAMLS1                00008800   00000800  00000000  00000800  RWIX
  RAMLS2                00009000   00000800  00000000  00000800  RWIX
  RAMLS3                00009800   00000800  00000000  00000800  RWIX
  RAMLS4                0000a000   00000800  00000000  00000800  RWIX
  RAMD0                 0000b000   00000800  00000000  00000800  RWIX
  RAMGS14               0001a000   00001000  00000000  00001000  RWIX
  RAMGS15               0001b000   00001000  00000000  00001000  RWIX
  BEGIN                 00080000   00000002  00000002  00000000  RWIX
  FLASHA                00080002   00001ffe  00000000  00001ffe  RWIX
  FLASHB                00082000   00002000  00001731  000008cf  RWIX
  FLASHC                00084000   00002000  00000000  00002000  RWIX
  FLASHD                00086000   00002000  00000139  00001ec7  RWIX
  FLASHE                00088000   00008000  00000000  00008000  RWIX
  FLASHF                00090000   00008000  000003c0  00007c40  RWIX
  FLASHG                00098000   00008000  00000000  00008000  RWIX
  FLASHH                000a0000   00008000  00000000  00008000  RWIX
  FLASHI                000a8000   00008000  00000000  00008000  RWIX
  FLASHJ                000b0000   00008000  00000000  00008000  RWIX
  FLASHK                000b8000   00002000  00000000  00002000  RWIX
  FLASHL                000ba000   00002000  00000000  00002000  RWIX
  FLASHM                000bc000   00002000  00000000  00002000  RWIX
  FLASHN                000be000   00002000  00000000  00002000  RWIX
  RESET                 003fffc0   00000002  00000000  00000002  RWIX

PAGE 1:
  BOOT_RSVD             00000002   00000120  00000000  00000120  RWIX
  RAMM1                 00000400   00000400  00000100  00000300  RWIX
  ADCA_RESULT           00000b00   00000020  00000018  00000008  RWIX
  ADCB_RESULT           00000b20   00000020  00000018  00000008  RWIX
  ADCC_RESULT           00000b40   00000020  00000018  00000008  RWIX
  ADCD_RESULT           00000b60   00000020  00000018  00000008  RWIX
  CPU_TIMER0            00000c00   00000008  00000008  00000000  RWIX
  CPU_TIMER1            00000c08   00000008  00000008  00000000  RWIX
  CPU_TIMER2            00000c10   00000008  00000008  00000000  RWIX
  PIE_CTRL              00000ce0   00000020  0000001a  00000006  RWIX
  PIE_VECT              00000d00   00000200  000001c0  00000040  RWIX
  DMA                   00001000   00000200  000000e0  00000120  RWIX
  CLA1                  00001400   00000040  0000003e  00000002  RWIX
  EPWM1                 00004000   00000100  00000100  00000000  RWIX
  EPWM2                 00004100   00000100  00000100  00000000  RWIX
  EPWM3                 00004200   00000100  00000100  00000000  RWIX
  EPWM4                 00004300   00000100  00000100  00000000  RWIX
  EPWM5                 00004400   00000100  00000100  00000000  RWIX
  EPWM6                 00004500   00000100  00000100  00000000  RWIX
  EPWM7                 00004600   00000100  00000100  00000000  RWIX
  EPWM8                 00004700   00000100  00000100  00000000  RWIX
  EPWM9                 00004800   00000100  00000100  00000000  RWIX
  EPWM10                00004900   00000100  00000100  00000000  RWIX
  EPWM11                00004a00   00000100  00000100  00000000  RWIX
  EPWM12                00004b00   00000100  00000100  00000000  RWIX
  ECAP1                 00005000   00000020  00000020  00000000  RWIX
  ECAP2                 00005020   00000020  00000020  00000000  RWIX
  ECAP3                 00005040   00000020  00000020  00000000  RWIX
  ECAP4                 00005060   00000020  00000020  00000000  RWIX
  ECAP5                 00005080   00000020  00000020  00000000  RWIX
  ECAP6                 000050a0   00000020  00000020  00000000  RWIX
  EQEP1                 00005100   00000040  00000022  0000001e  RWIX
  EQEP2                 00005140   00000040  00000022  0000001e  RWIX
  EQEP3                 00005180   00000040  00000022  0000001e  RWIX
  DACA                  00005c00   00000010  00000008  00000008  RWIX
  DACB                  00005c10   00000010  00000008  00000008  RWIX
  DACC                  00005c20   00000010  00000008  00000008  RWIX
  CMPSS1                00005c80   00000020  00000020  00000000  RWIX
  CMPSS2                00005ca0   00000020  00000020  00000000  RWIX
  CMPSS3                00005cc0   00000020  00000020  00000000  RWIX
  CMPSS4                00005ce0   00000020  00000020  00000000  RWIX
  CMPSS5                00005d00   00000020  00000020  00000000  RWIX
  CMPSS6                00005d20   00000020  00000020  00000000  RWIX
  CMPSS7                00005d40   00000020  00000020  00000000  RWIX
  CMPSS8                00005d60   00000020  00000020  00000000  RWIX
  SDFM1                 00005e00   00000080  00000080  00000000  RWIX
  SDFM2                 00005e80   00000080  00000080  00000000  RWIX
  MCBSPA                00006000   00000040  00000024  0000001c  RWIX
  MCBSPB                00006040   00000040  00000024  0000001c  RWIX
  SPIA                  00006100   00000010  00000010  00000000  RWIX
  SPIB                  00006110   00000010  00000010  00000000  RWIX
  SPIC                  00006120   00000010  00000010  00000000  RWIX
  SPID                  00006130   00000010  00000000  00000010  RWIX
  UPP                   00006200   00000100  00000048  000000b8  RWIX
  WD                    00007000   00000040  0000002b  00000015  RWIX
  NMIINTRUPT            00007060   00000010  00000007  00000009  RWIX
  XINT                  00007070   00000010  0000000b  00000005  RWIX
  SCIA                  00007200   00000010  00000010  00000000  RWIX
  SCIB                  00007210   00000010  00000010  00000000  RWIX
  SCIC                  00007220   00000010  00000010  00000000  RWIX
  SCID                  00007230   00000010  00000010  00000000  RWIX
  I2CA                  00007300   00000040  00000022  0000001e  RWIX
  I2CB                  00007340   00000040  00000022  0000001e  RWIX
  ADCA                  00007400   00000080  00000080  00000000  RWIX
  ADCB                  00007480   00000080  00000080  00000000  RWIX
  ADCC                  00007500   00000080  00000080  00000000  RWIX
  ADCD                  00007580   00000080  00000080  00000000  RWIX
  INPUT_XBAR            00007900   00000020  00000020  00000000  RWIX
  XBAR                  00007920   00000020  00000020  00000000  RWIX
  SYNC_SOC              00007940   00000010  00000006  0000000a  RWIX
  DMACLASRCSEL          00007980   00000040  0000001a  00000026  RWIX
  EPWM_XBAR             00007a00   00000040  00000040  00000000  RWIX
  CLB_XBAR              00007a40   00000040  00000000  00000040  RWIX
  OUTPUT_XBAR           00007a80   00000040  00000040  00000000  RWIX
  GPIOCTRL              00007c00   00000180  00000180  00000000  RWIX
  GPIODAT               00007f00   00000030  00000030  00000000  RWIX
  RAMLS5                0000a800   00000800  00000036  000007ca  RWIX
  RAMD1                 0000b800   00000800  00000000  00000800  RWIX
  RAMGS0                0000c000   00001000  00000000  00001000  RWIX
  RAMGS1                0000d000   00001000  00000000  00001000  RWIX
  RAMGS2                0000e000   00001000  00000000  00001000  RWIX
  RAMGS3                0000f000   00001000  00000000  00001000  RWIX
  RAMGS4                00010000   00001000  00000000  00001000  RWIX
  RAMGS5                00011000   00001000  00000000  00001000  RWIX
  RAMGS6                00012000   00001000  00000000  00001000  RWIX
  RAMGS7                00013000   00001000  00000000  00001000  RWIX
  RAMGS8                00014000   00001000  00000000  00001000  RWIX
  RAMGS9                00015000   00001000  00000000  00001000  RWIX
  RAMGS10               00016000   00001000  00000000  00001000  RWIX
  RAMGS11               00017000   00001000  00000000  00001000  RWIX
  RAMGS12               00018000   00001000  00000000  00001000  RWIX
  RAMGS13               00019000   00001000  00000000  00001000  RWIX
  CPU2TOCPU1RAM         0003f800   00000400  00000000  00000400  RWIX
  CPU1TOCPU2RAM         0003fc00   00000400  00000000  00000400  RWIX
  EMIF1                 00047000   00000800  00000070  00000790  RWIX
  EMIF2                 00047800   00000800  00000070  00000790  RWIX
  CANA                  00048000   00000800  00000164  0000069c  RWIX
  CANB                  0004a000   00000800  00000164  0000069c  RWIX
  IPC                   00050000   00000024  00000024  00000000  RWIX
  FLASHPUMPSEMAPHORE    00050024   00000002  00000002  00000000  RWIX
  DEV_CFG               0005d000   00000180  0000012e  00000052  RWIX
  ANALOG_SUBSYS         0005d180   00000080  00000048  00000038  RWIX
  CLK_CFG               0005d200   00000100  00000032  000000ce  RWIX
  CPU_SYS               0005d300   00000100  00000082  0000007e  RWIX
  ROMPREFETCH           0005e608   00000002  00000002  00000000  RWIX
  DCSM_Z1               0005f000   00000030  00000024  0000000c  RWIX
  DCSM_Z2               0005f040   00000030  00000024  0000000c  RWIX
  DCSM_COMMON           0005f070   00000010  00000008  00000008  RWIX
  MEMCFG                0005f400   00000080  00000080  00000000  RWIX
  EMIF1CONFIG           0005f480   00000020  00000020  00000000  RWIX
  EMIF2CONFIG           0005f4a0   00000020  00000020  00000000  RWIX
  ACCESSPROTECTION      0005f4c0   00000040  00000040  00000000  RWIX
  MEMORYERROR           0005f500   00000040  00000040  00000000  RWIX
  ROMWAITSTATE          0005f540   00000002  00000002  00000000  RWIX
  FLASH0_CTRL           0005f800   00000300  00000182  0000017e  RWIX
  FLASH0_ECC            0005fb00   00000040  00000028  00000018  RWIX


SECTION ALLOCATION MAP

 output                                  attributes/
section   page    origin      length       input sections
--------  ----  ----------  ----------   ----------------
codestart 
*          0    00080000    00000002     
                  00080000    00000002     F2837xD_CodeStartBranch.obj (codestart)

.cinit     0    00082000    0000003f     
                  00082000    00000014     f28379d_motor_control_test_motors.obj (.cinit)
                  00082014    00000011     booster_epwm.obj (.cinit)
                  00082025    0000000e     rts2800_fpu32.lib : exit.obj (.cinit)
                  00082033    00000005                       : _lock.obj (.cinit:__lock)
                  00082038    00000005                       : _lock.obj (.cinit:__unlock)
                  0008203d    00000002     --HOLE-- [fill = 0]

.pinit     0    00082000    00000000     UNINITIALIZED

.TI.ramfunc 
*          0    00086000    00000139     RUN ADDR = 00008000
                  00086000    00000043     driverlib.lib : flash.obj (.TI.ramfunc:_Flash_initModule)
                  00086043    00000032                   : flash.obj (.TI.ramfunc:_Flash_setBankPowerMode)
                  00086075    00000026                   : flash.obj (.TI.ramfunc:_Flash_setWaitstates)
                  0008609b    0000001f                   : flash.obj (.TI.ramfunc:_Flash_setPumpPowerMode)
                  000860ba    00000018                   : flash.obj (.TI.ramfunc:_Flash_disableCache)
                  000860d2    00000018                   : flash.obj (.TI.ramfunc:_Flash_disablePrefetch)
                  000860ea    00000018                   : flash.obj (.TI.ramfunc:_Flash_enableCache)
                  00086102    00000018                   : flash.obj (.TI.ramfunc:_Flash_enablePrefetch)
                  0008611a    00000017                   : flash.obj (.TI.ramfunc:_Flash_enableECC)
                  00086131    00000004     F2837xD_usDelay.obj (.TI.ramfunc)
                  00086135    00000004     driverlib.lib : sysctl.obj (.TI.ramfunc)

.stack     1    00000400    00000100     UNINITIALIZED
                  00000400    00000100     --HOLE--

.reset     0    003fffc0    00000002     DSECT
                  003fffc0    00000002     rts2800_fpu32.lib : boot28.obj (.reset)

GETBUFFER 
*          0    0003f800    00000000     DSECT

GETWRITEIDX 
*          0    0003f800    00000000     DSECT

PUTREADIDX 
*          0    0003f800    00000000     DSECT

.text      0    00082040    000016f2     
                  00082040    00000585     F2837xD_DefaultISR.obj (.text:retain)
                  000825c5    000002e2     booster_epwm.obj (.text)
                  000828a7    00000221     driverlib.lib : sysctl.obj (.text:_SysCtl_setClock)
                  00082ac8    000001ed     device.obj (.text)
                  00082cb5    000001a6     booster_pinout.obj (.text)
                  00082e5b    0000016a     booster_eqep.obj (.text)
                  00082fc5    000000c6     booster_eqep.obj (.text:retain)
                  0008308b    0000009c     rts2800_fpu32.lib : fd_add28.obj (.text)
                  00083127    0000008b                       : fd_div28.obj (.text)
                  000831b2    00000088                       : fs_div28.obj (.text)
                  0008323a    00000083                       : fd_mpy28.obj (.text)
                  000832bd    0000006e     driverlib.lib : sysctl.obj (.text:_SysCtl_getClock)
                  0008332b    00000056     rts2800_fpu32.lib : boot28.obj (.text)
                  00083381    00000054     driverlib.lib : interrupt.obj (.text:_Interrupt_initModule)
                  000833d5    00000052                   : gpio.obj (.text:_GPIO_setPadConfig)
                  00083427    0000004d                   : sysctl.obj (.text:_SysCtl_selectOscSource)
                  00083474    00000047                   : epwm.obj (.text:_EPWM_isBaseValid)
                  000834bb    0000003d                   : gpio.obj (.text:_GPIO_setPinConfig)
                  000834f8    00000033                   : interrupt.obj (.text:_Interrupt_enable)
                  0008352b    00000031                   : gpio.obj (.text:_GPIO_setDirectionMode)
                  0008355c    00000029                   : flash.obj (.text:_Flash_setBankPowerUpDelay)
                  00083585    00000029     rts2800_fpu32.lib : exit.obj (.text)
                  000835ae    00000024                       : cpy_tbl.obj (.text)
                  000835d2    00000020     driverlib.lib : interrupt.obj (.text:_Interrupt_initVectorTable)
                  000835f2    0000001f     rts2800_fpu32.lib : fd_tol28.obj (.text)
                  00083611    0000001e                       : memcpy.obj (.text)
                  0008362f    0000001c     f28379d_motor_control_test_motors.obj (.text)
                  0008364b    0000001a     driverlib.lib : sysctl.obj (.text:_SysCtl_getLowSpeedClock)
                  00083665    00000019     rts2800_fpu32.lib : args_main.obj (.text)
                  0008367e    00000016     driverlib.lib : epwm.obj (.text:_EPWM_setEmulationMode)
                  00083694    00000016     rts2800_fpu32.lib : ul_tofd28.obj (.text)
                  000836aa    00000010     driverlib.lib : flash.obj (.text:_Flash_isCtrlBaseValid)
                  000836ba    00000010                   : flash.obj (.text:_Flash_isECCBaseValid)
                  000836ca    0000000e                   : gpio.obj (.text:_GPIO_isPinValid)
                  000836d8    0000000e                   : interrupt.obj (.text:_Interrupt_defaultHandler)
                  000836e6    0000000e     rts2800_fpu32.lib : fd_sub28.obj (.text)
                  000836f4    0000000d     driverlib.lib : interrupt.obj (.text:_Interrupt_disableMaster)
                  00083701    0000000d                   : interrupt.obj (.text:_Interrupt_enableMaster)
                  0008370e    0000000b                   : sysctl.obj (.text:_SysCtl_isMCDClockFailureDetected)
                  00083719    00000009                   : sysctl.obj (.text:_SysCtl_serviceWatchdog)
                  00083722    00000009     rts2800_fpu32.lib : _lock.obj (.text)
                  0008372b    00000002     driverlib.lib : interrupt.obj (.text:_Interrupt_illegalOperationHandler)
                  0008372d    00000002                   : interrupt.obj (.text:_Interrupt_nmiHandler)
                  0008372f    00000002     rts2800_fpu32.lib : pre_init.obj (.text)
                  00083731    00000001                       : startup.obj (.text)

.econst    0    00090000    000003c0     
                  00090000    000000cb     driverlib.lib : flash.obj (.econst:.string)
                  000900cb    00000001     --HOLE-- [fill = 0]
                  000900cc    000000c8                   : gpio.obj (.econst:.string)
                  00090194    00000069                   : interrupt.obj (.econst:.string)
                  000901fd    00000001     --HOLE-- [fill = 0]
                  000901fe    00000066                   : sysctl.obj (.econst:.string)
                  00090264    00000064                   : epwm.obj (.econst:.string)
                  000902c8    00000047     booster_epwm.obj (.econst:.string)
                  0009030f    00000001     --HOLE-- [fill = 0]
                  00090310    00000047     booster_eqep.obj (.econst:.string)
                  00090357    00000001     --HOLE-- [fill = 0]
                  00090358    00000047     booster_pinout.obj (.econst:.string)
                  0009039f    00000001     --HOLE-- [fill = 0]
                  000903a0    00000013     device.obj (.econst:.string)
                  000903b3    00000001     --HOLE-- [fill = 0]
                  000903b4    0000000c     booster_epwm.obj (.econst)

AdcaResultFile 
*          1    00000b00    00000018     UNINITIALIZED
                  00000b00    00000018     F2837xD_GlobalVariableDefs.obj (AdcaResultFile)

AdcbResultFile 
*          1    00000b20    00000018     UNINITIALIZED
                  00000b20    00000018     F2837xD_GlobalVariableDefs.obj (AdcbResultFile)

AdccResultFile 
*          1    00000b40    00000018     UNINITIALIZED
                  00000b40    00000018     F2837xD_GlobalVariableDefs.obj (AdccResultFile)

AdcdResultFile 
*          1    00000b60    00000018     UNINITIALIZED
                  00000b60    00000018     F2837xD_GlobalVariableDefs.obj (AdcdResultFile)

CpuTimer0RegsFile 
*          1    00000c00    00000008     UNINITIALIZED
                  00000c00    00000008     F2837xD_GlobalVariableDefs.obj (CpuTimer0RegsFile)

CpuTimer1RegsFile 
*          1    00000c08    00000008     UNINITIALIZED
                  00000c08    00000008     F2837xD_GlobalVariableDefs.obj (CpuTimer1RegsFile)

CpuTimer2RegsFile 
*          1    00000c10    00000008     UNINITIALIZED
                  00000c10    00000008     F2837xD_GlobalVariableDefs.obj (CpuTimer2RegsFile)

PieCtrlRegsFile 
*          1    00000ce0    0000001a     UNINITIALIZED
                  00000ce0    0000001a     F2837xD_GlobalVariableDefs.obj (PieCtrlRegsFile)

PieVectTableFile 
*          1    00000d00    000001c0     UNINITIALIZED
                  00000d00    000001c0     F2837xD_GlobalVariableDefs.obj (PieVectTableFile)

EmuBModeVar 
*          1    00000d00    00000001     UNINITIALIZED
                  00000d00    00000001     F2837xD_GlobalVariableDefs.obj (EmuBModeVar)

EmuBootPinsVar 
*          1    00000d01    00000001     UNINITIALIZED
                  00000d01    00000001     F2837xD_GlobalVariableDefs.obj (EmuBootPinsVar)

DmaRegsFile 
*          1    00001000    000000e0     UNINITIALIZED
                  00001000    000000e0     F2837xD_GlobalVariableDefs.obj (DmaRegsFile)

Cla1RegsFile 
*          1    00001400    0000003e     UNINITIALIZED
                  00001400    0000003e     F2837xD_GlobalVariableDefs.obj (Cla1RegsFile)

EPwm1RegsFile 
*          1    00004000    00000100     UNINITIALIZED
                  00004000    00000100     F2837xD_GlobalVariableDefs.obj (EPwm1RegsFile)

EPwm2RegsFile 
*          1    00004100    00000100     UNINITIALIZED
                  00004100    00000100     F2837xD_GlobalVariableDefs.obj (EPwm2RegsFile)

EPwm3RegsFile 
*          1    00004200    00000100     UNINITIALIZED
                  00004200    00000100     F2837xD_GlobalVariableDefs.obj (EPwm3RegsFile)

EPwm4RegsFile 
*          1    00004300    00000100     UNINITIALIZED
                  00004300    00000100     F2837xD_GlobalVariableDefs.obj (EPwm4RegsFile)

EPwm5RegsFile 
*          1    00004400    00000100     UNINITIALIZED
                  00004400    00000100     F2837xD_GlobalVariableDefs.obj (EPwm5RegsFile)

EPwm6RegsFile 
*          1    00004500    00000100     UNINITIALIZED
                  00004500    00000100     F2837xD_GlobalVariableDefs.obj (EPwm6RegsFile)

EPwm7RegsFile 
*          1    00004600    00000100     UNINITIALIZED
                  00004600    00000100     F2837xD_GlobalVariableDefs.obj (EPwm7RegsFile)

EPwm8RegsFile 
*          1    00004700    00000100     UNINITIALIZED
                  00004700    00000100     F2837xD_GlobalVariableDefs.obj (EPwm8RegsFile)

EPwm9RegsFile 
*          1    00004800    00000100     UNINITIALIZED
                  00004800    00000100     F2837xD_GlobalVariableDefs.obj (EPwm9RegsFile)

EPwm10RegsFile 
*          1    00004900    00000100     UNINITIALIZED
                  00004900    00000100     F2837xD_GlobalVariableDefs.obj (EPwm10RegsFile)

EPwm11RegsFile 
*          1    00004a00    00000100     UNINITIALIZED
                  00004a00    00000100     F2837xD_GlobalVariableDefs.obj (EPwm11RegsFile)

EPwm12RegsFile 
*          1    00004b00    00000100     UNINITIALIZED
                  00004b00    00000100     F2837xD_GlobalVariableDefs.obj (EPwm12RegsFile)

ECap1RegsFile 
*          1    00005000    00000020     UNINITIALIZED
                  00005000    00000020     F2837xD_GlobalVariableDefs.obj (ECap1RegsFile)

ECap2RegsFile 
*          1    00005020    00000020     UNINITIALIZED
                  00005020    00000020     F2837xD_GlobalVariableDefs.obj (ECap2RegsFile)

ECap3RegsFile 
*          1    00005040    00000020     UNINITIALIZED
                  00005040    00000020     F2837xD_GlobalVariableDefs.obj (ECap3RegsFile)

ECap4RegsFile 
*          1    00005060    00000020     UNINITIALIZED
                  00005060    00000020     F2837xD_GlobalVariableDefs.obj (ECap4RegsFile)

ECap5RegsFile 
*          1    00005080    00000020     UNINITIALIZED
                  00005080    00000020     F2837xD_GlobalVariableDefs.obj (ECap5RegsFile)

ECap6RegsFile 
*          1    000050a0    00000020     UNINITIALIZED
                  000050a0    00000020     F2837xD_GlobalVariableDefs.obj (ECap6RegsFile)

EQep1RegsFile 
*          1    00005100    00000022     UNINITIALIZED
                  00005100    00000022     F2837xD_GlobalVariableDefs.obj (EQep1RegsFile)

EQep2RegsFile 
*          1    00005140    00000022     UNINITIALIZED
                  00005140    00000022     F2837xD_GlobalVariableDefs.obj (EQep2RegsFile)

EQep3RegsFile 
*          1    00005180    00000022     UNINITIALIZED
                  00005180    00000022     F2837xD_GlobalVariableDefs.obj (EQep3RegsFile)

DacaRegsFile 
*          1    00005c00    00000008     UNINITIALIZED
                  00005c00    00000008     F2837xD_GlobalVariableDefs.obj (DacaRegsFile)

DacbRegsFile 
*          1    00005c10    00000008     UNINITIALIZED
                  00005c10    00000008     F2837xD_GlobalVariableDefs.obj (DacbRegsFile)

DaccRegsFile 
*          1    00005c20    00000008     UNINITIALIZED
                  00005c20    00000008     F2837xD_GlobalVariableDefs.obj (DaccRegsFile)

Cmpss1RegsFile 
*          1    00005c80    00000020     UNINITIALIZED
                  00005c80    00000020     F2837xD_GlobalVariableDefs.obj (Cmpss1RegsFile)

Cmpss2RegsFile 
*          1    00005ca0    00000020     UNINITIALIZED
                  00005ca0    00000020     F2837xD_GlobalVariableDefs.obj (Cmpss2RegsFile)

Cmpss3RegsFile 
*          1    00005cc0    00000020     UNINITIALIZED
                  00005cc0    00000020     F2837xD_GlobalVariableDefs.obj (Cmpss3RegsFile)

Cmpss4RegsFile 
*          1    00005ce0    00000020     UNINITIALIZED
                  00005ce0    00000020     F2837xD_GlobalVariableDefs.obj (Cmpss4RegsFile)

Cmpss5RegsFile 
*          1    00005d00    00000020     UNINITIALIZED
                  00005d00    00000020     F2837xD_GlobalVariableDefs.obj (Cmpss5RegsFile)

Cmpss6RegsFile 
*          1    00005d20    00000020     UNINITIALIZED
                  00005d20    00000020     F2837xD_GlobalVariableDefs.obj (Cmpss6RegsFile)

Cmpss7RegsFile 
*          1    00005d40    00000020     UNINITIALIZED
                  00005d40    00000020     F2837xD_GlobalVariableDefs.obj (Cmpss7RegsFile)

Cmpss8RegsFile 
*          1    00005d60    00000020     UNINITIALIZED
                  00005d60    00000020     F2837xD_GlobalVariableDefs.obj (Cmpss8RegsFile)

Sdfm1RegsFile 
*          1    00005e00    00000080     UNINITIALIZED
                  00005e00    00000080     F2837xD_GlobalVariableDefs.obj (Sdfm1RegsFile)

Sdfm2RegsFile 
*          1    00005e80    00000080     UNINITIALIZED
                  00005e80    00000080     F2837xD_GlobalVariableDefs.obj (Sdfm2RegsFile)

McbspaRegsFile 
*          1    00006000    00000024     UNINITIALIZED
                  00006000    00000024     F2837xD_GlobalVariableDefs.obj (McbspaRegsFile)

McbspbRegsFile 
*          1    00006040    00000024     UNINITIALIZED
                  00006040    00000024     F2837xD_GlobalVariableDefs.obj (McbspbRegsFile)

SpiaRegsFile 
*          1    00006100    00000010     UNINITIALIZED
                  00006100    00000010     F2837xD_GlobalVariableDefs.obj (SpiaRegsFile)

SpibRegsFile 
*          1    00006110    00000010     UNINITIALIZED
                  00006110    00000010     F2837xD_GlobalVariableDefs.obj (SpibRegsFile)

SpicRegsFile 
*          1    00006120    00000010     UNINITIALIZED
                  00006120    00000010     F2837xD_GlobalVariableDefs.obj (SpicRegsFile)

UppRegsFile 
*          1    00006200    00000048     UNINITIALIZED
                  00006200    00000048     F2837xD_GlobalVariableDefs.obj (UppRegsFile)

WdRegsFile 
*          1    00007000    0000002b     UNINITIALIZED
                  00007000    0000002b     F2837xD_GlobalVariableDefs.obj (WdRegsFile)

NmiIntruptRegsFile 
*          1    00007060    00000007     UNINITIALIZED
                  00007060    00000007     F2837xD_GlobalVariableDefs.obj (NmiIntruptRegsFile)

XintRegsFile 
*          1    00007070    0000000b     UNINITIALIZED
                  00007070    0000000b     F2837xD_GlobalVariableDefs.obj (XintRegsFile)

SciaRegsFile 
*          1    00007200    00000010     UNINITIALIZED
                  00007200    00000010     F2837xD_GlobalVariableDefs.obj (SciaRegsFile)

ScibRegsFile 
*          1    00007210    00000010     UNINITIALIZED
                  00007210    00000010     F2837xD_GlobalVariableDefs.obj (ScibRegsFile)

ScicRegsFile 
*          1    00007220    00000010     UNINITIALIZED
                  00007220    00000010     F2837xD_GlobalVariableDefs.obj (ScicRegsFile)

ScidRegsFile 
*          1    00007230    00000010     UNINITIALIZED
                  00007230    00000010     F2837xD_GlobalVariableDefs.obj (ScidRegsFile)

I2caRegsFile 
*          1    00007300    00000022     UNINITIALIZED
                  00007300    00000022     F2837xD_GlobalVariableDefs.obj (I2caRegsFile)

I2cbRegsFile 
*          1    00007340    00000022     UNINITIALIZED
                  00007340    00000022     F2837xD_GlobalVariableDefs.obj (I2cbRegsFile)

AdcaRegsFile 
*          1    00007400    00000080     UNINITIALIZED
                  00007400    00000080     F2837xD_GlobalVariableDefs.obj (AdcaRegsFile)

AdcbRegsFile 
*          1    00007480    00000080     UNINITIALIZED
                  00007480    00000080     F2837xD_GlobalVariableDefs.obj (AdcbRegsFile)

AdccRegsFile 
*          1    00007500    00000080     UNINITIALIZED
                  00007500    00000080     F2837xD_GlobalVariableDefs.obj (AdccRegsFile)

AdcdRegsFile 
*          1    00007580    00000080     UNINITIALIZED
                  00007580    00000080     F2837xD_GlobalVariableDefs.obj (AdcdRegsFile)

InputXbarRegsFile 
*          1    00007900    00000020     UNINITIALIZED
                  00007900    00000020     F2837xD_GlobalVariableDefs.obj (InputXbarRegsFile)

XbarRegsFile 
*          1    00007920    00000020     UNINITIALIZED
                  00007920    00000020     F2837xD_GlobalVariableDefs.obj (XbarRegsFile)

SyncSocRegsFile 
*          1    00007940    00000006     UNINITIALIZED
                  00007940    00000006     F2837xD_GlobalVariableDefs.obj (SyncSocRegsFile)

DmaClaSrcSelRegsFile 
*          1    00007980    0000001a     UNINITIALIZED
                  00007980    0000001a     F2837xD_GlobalVariableDefs.obj (DmaClaSrcSelRegsFile)

EPwmXbarRegsFile 
*          1    00007a00    00000040     UNINITIALIZED
                  00007a00    00000040     F2837xD_GlobalVariableDefs.obj (EPwmXbarRegsFile)

OutputXbarRegsFile 
*          1    00007a80    00000040     UNINITIALIZED
                  00007a80    00000040     F2837xD_GlobalVariableDefs.obj (OutputXbarRegsFile)

GpioCtrlRegsFile 
*          1    00007c00    00000180     UNINITIALIZED
                  00007c00    00000180     F2837xD_GlobalVariableDefs.obj (GpioCtrlRegsFile)

GpioDataRegsFile 
*          1    00007f00    00000030     UNINITIALIZED
                  00007f00    00000030     F2837xD_GlobalVariableDefs.obj (GpioDataRegsFile)

.ebss      1    0000a800    00000036     UNINITIALIZED
                  0000a800    00000018     booster_eqep.obj (.ebss)
                  0000a818    0000000e     booster_epwm.obj (.ebss)
                  0000a826    00000006     rts2800_fpu32.lib : exit.obj (.ebss)
                  0000a82c    00000005     f28379d_motor_control_test_motors.obj (.ebss)
                  0000a831    00000001     --HOLE--
                  0000a832    00000002     rts2800_fpu32.lib : _lock.obj (.ebss:__lock)
                  0000a834    00000002                       : _lock.obj (.ebss:__unlock)

Emif1RegsFile 
*          1    00047000    00000070     UNINITIALIZED
                  00047000    00000070     F2837xD_GlobalVariableDefs.obj (Emif1RegsFile)

Emif2RegsFile 
*          1    00047800    00000070     UNINITIALIZED
                  00047800    00000070     F2837xD_GlobalVariableDefs.obj (Emif2RegsFile)

CanaRegsFile 
*          1    00048000    00000164     UNINITIALIZED
                  00048000    00000164     F2837xD_GlobalVariableDefs.obj (CanaRegsFile)

CanbRegsFile 
*          1    0004a000    00000164     UNINITIALIZED
                  0004a000    00000164     F2837xD_GlobalVariableDefs.obj (CanbRegsFile)

IpcRegsFile 
*          1    00050000    00000024     UNINITIALIZED
                  00050000    00000024     F2837xD_GlobalVariableDefs.obj (IpcRegsFile)

FlashPumpSemaphoreRegsFile 
*          1    00050024    00000002     UNINITIALIZED
                  00050024    00000002     F2837xD_GlobalVariableDefs.obj (FlashPumpSemaphoreRegsFile)

DevCfgRegsFile 
*          1    0005d000    0000012e     UNINITIALIZED
                  0005d000    0000012e     F2837xD_GlobalVariableDefs.obj (DevCfgRegsFile)

AnalogSubsysRegsFile 
*          1    0005d180    00000048     UNINITIALIZED
                  0005d180    00000048     F2837xD_GlobalVariableDefs.obj (AnalogSubsysRegsFile)

Cla1SoftIntRegsFile 
*          1    00000ce0    00000004     DSECT
                  00000ce0    00000004     F2837xD_GlobalVariableDefs.obj (Cla1SoftIntRegsFile)

ClkCfgRegsFile 
*          1    0005d200    00000032     UNINITIALIZED
                  0005d200    00000032     F2837xD_GlobalVariableDefs.obj (ClkCfgRegsFile)

CpuSysRegsFile 
*          1    0005d300    00000082     UNINITIALIZED
                  0005d300    00000082     F2837xD_GlobalVariableDefs.obj (CpuSysRegsFile)

RomPrefetchRegsFile 
*          1    0005e608    00000002     UNINITIALIZED
                  0005e608    00000002     F2837xD_GlobalVariableDefs.obj (RomPrefetchRegsFile)

DcsmZ1RegsFile 
*          1    0005f000    00000024     UNINITIALIZED
                  0005f000    00000024     F2837xD_GlobalVariableDefs.obj (DcsmZ1RegsFile)

DcsmZ2RegsFile 
*          1    0005f040    00000024     UNINITIALIZED
                  0005f040    00000024     F2837xD_GlobalVariableDefs.obj (DcsmZ2RegsFile)

DcsmCommonRegsFile 
*          1    0005f070    00000008     UNINITIALIZED
                  0005f070    00000008     F2837xD_GlobalVariableDefs.obj (DcsmCommonRegsFile)

MemCfgRegsFile 
*          1    0005f400    00000080     UNINITIALIZED
                  0005f400    00000080     F2837xD_GlobalVariableDefs.obj (MemCfgRegsFile)

Emif1ConfigRegsFile 
*          1    0005f480    00000020     UNINITIALIZED
                  0005f480    00000020     F2837xD_GlobalVariableDefs.obj (Emif1ConfigRegsFile)

Emif2ConfigRegsFile 
*          1    0005f4a0    00000020     UNINITIALIZED
                  0005f4a0    00000020     F2837xD_GlobalVariableDefs.obj (Emif2ConfigRegsFile)

AccessProtectionRegsFile 
*          1    0005f4c0    00000040     UNINITIALIZED
                  0005f4c0    00000040     F2837xD_GlobalVariableDefs.obj (AccessProtectionRegsFile)

MemoryErrorRegsFile 
*          1    0005f500    00000040     UNINITIALIZED
                  0005f500    00000040     F2837xD_GlobalVariableDefs.obj (MemoryErrorRegsFile)

RomWaitStateRegsFile 
*          1    0005f540    00000002     UNINITIALIZED
                  0005f540    00000002     F2837xD_GlobalVariableDefs.obj (RomWaitStateRegsFile)

Flash0CtrlRegsFile 
*          1    0005f800    00000182     UNINITIALIZED
                  0005f800    00000182     F2837xD_GlobalVariableDefs.obj (Flash0CtrlRegsFile)

Flash0EccRegsFile 
*          1    0005fb00    00000028     UNINITIALIZED
                  0005fb00    00000028     F2837xD_GlobalVariableDefs.obj (Flash0EccRegsFile)

MODULE SUMMARY

       Module                                  code   initialized data   uninitialized data
       ------                                  ----   ----------------   ------------------
    .\
       F2837xD_GlobalVariableDefs.obj          0      0                  8695              
       F2837xD_DefaultISR.obj                  1413   0                  0                 
       f28379d_motor_control_test_motors.obj   28     20                 5                 
       F2837xD_usDelay.obj                     8      0                  0                 
       F2837xD_CodeStartBranch.obj             2      0                  0                 
    +--+---------------------------------------+------+------------------+--------------------+
       Total:                                  1451   20                 8700              
                                                                                           
    .\booster\
       booster_epwm.obj                        738    100                14                
       booster_eqep.obj                        560    71                 24                
       booster_pinout.obj                      422    71                 0                 
    +--+---------------------------------------+------+------------------+--------------------+
       Total:                                  1720   242                38                
                                                                                           
    .\device\
       device.obj                              493    19                 0                 
    +--+---------------------------------------+------+------------------+--------------------+
       Total:                                  493    19                 0                 
                                                                                           
    ../driverlib.lib
       sysctl.obj                              786    102                0                 
       flash.obj                               683    203                0                 
       gpio.obj                                206    200                0                 
       interrupt.obj                           211    105                0                 
       epwm.obj                                93     100                0                 
    +--+---------------------------------------+------+------------------+--------------------+
       Total:                                  1979   710                0                 
                                                                                           
    C:\ti\ccs730\ccsv7\tools\compiler\ti-cgt-c2000_16.9.4.LTS\lib\rts2800_fpu32.lib
       fd_add28.obj                            156    0                  0                 
       fd_div28.obj                            139    0                  0                 
       fs_div28.obj                            136    0                  0                 
       fd_mpy28.obj                            131    0                  0                 
       boot28.obj                              86     0                  0                 
       exit.obj                                41     14                 6                 
       cpy_tbl.obj                             36     0                  0                 
       fd_tol28.obj                            31     0                  0                 
       memcpy.obj                              30     0                  0                 
       args_main.obj                           25     0                  0                 
       _lock.obj                               9      10                 4                 
       ul_tofd28.obj                           22     0                  0                 
       fd_sub28.obj                            14     0                  0                 
       pre_init.obj                            2      0                  0                 
       startup.obj                             1      0                  0                 
    +--+---------------------------------------+------+------------------+--------------------+
       Total:                                  859    24                 10                
                                                                                           
       Stack:                                  0      0                  256               
    +--+---------------------------------------+------+------------------+--------------------+
       Grand Total:                            6502   1015               9004              


GLOBAL DATA SYMBOLS: SORTED BY DATA PAGE

address     data page           name
--------    ----------------    ----
00000400      10 (00000400)     __stack

00000b00      2c (00000b00)     _AdcaResultRegs
00000b20      2c (00000b00)     _AdcbResultRegs

00000b40      2d (00000b40)     _AdccResultRegs
00000b60      2d (00000b40)     _AdcdResultRegs

00000c00      30 (00000c00)     _CpuTimer0Regs
00000c08      30 (00000c00)     _CpuTimer1Regs
00000c10      30 (00000c00)     _CpuTimer2Regs

00000ce0      33 (00000cc0)     _Cla1SoftIntRegs
00000ce0      33 (00000cc0)     _PieCtrlRegs

00000d00      34 (00000d00)     _EmuBMode
00000d00      34 (00000d00)     _PieVectTable
00000d01      34 (00000d00)     _EmuBootPins

00001000      40 (00001000)     _DmaRegs

00001400      50 (00001400)     _Cla1Regs

00004000     100 (00004000)     _EPwm1Regs

00004100     104 (00004100)     _EPwm2Regs

00004200     108 (00004200)     _EPwm3Regs

00004300     10c (00004300)     _EPwm4Regs

00004400     110 (00004400)     _EPwm5Regs

00004500     114 (00004500)     _EPwm6Regs

00004600     118 (00004600)     _EPwm7Regs

00004700     11c (00004700)     _EPwm8Regs

00004800     120 (00004800)     _EPwm9Regs

00004900     124 (00004900)     _EPwm10Regs

00004a00     128 (00004a00)     _EPwm11Regs

00004b00     12c (00004b00)     _EPwm12Regs

00005000     140 (00005000)     _ECap1Regs
00005020     140 (00005000)     _ECap2Regs

00005040     141 (00005040)     _ECap3Regs
00005060     141 (00005040)     _ECap4Regs

00005080     142 (00005080)     _ECap5Regs
000050a0     142 (00005080)     _ECap6Regs

00005100     144 (00005100)     _EQep1Regs

00005140     145 (00005140)     _EQep2Regs

00005180     146 (00005180)     _EQep3Regs

00005c00     170 (00005c00)     _DacaRegs
00005c10     170 (00005c00)     _DacbRegs
00005c20     170 (00005c00)     _DaccRegs

00005c80     172 (00005c80)     _Cmpss1Regs
00005ca0     172 (00005c80)     _Cmpss2Regs

00005cc0     173 (00005cc0)     _Cmpss3Regs
00005ce0     173 (00005cc0)     _Cmpss4Regs

00005d00     174 (00005d00)     _Cmpss5Regs
00005d20     174 (00005d00)     _Cmpss6Regs

00005d40     175 (00005d40)     _Cmpss7Regs
00005d60     175 (00005d40)     _Cmpss8Regs

00005e00     178 (00005e00)     _Sdfm1Regs

00005e80     17a (00005e80)     _Sdfm2Regs

00006000     180 (00006000)     _McbspaRegs

00006040     181 (00006040)     _McbspbRegs

00006100     184 (00006100)     _SpiaRegs
00006110     184 (00006100)     _SpibRegs
00006120     184 (00006100)     _SpicRegs

00006200     188 (00006200)     _UppRegs

00007000     1c0 (00007000)     _WdRegs

00007060     1c1 (00007040)     _NmiIntruptRegs
00007070     1c1 (00007040)     _XintRegs

00007200     1c8 (00007200)     _SciaRegs
00007210     1c8 (00007200)     _ScibRegs
00007220     1c8 (00007200)     _ScicRegs
00007230     1c8 (00007200)     _ScidRegs

00007300     1cc (00007300)     _I2caRegs

00007340     1cd (00007340)     _I2cbRegs

00007400     1d0 (00007400)     _AdcaRegs

00007480     1d2 (00007480)     _AdcbRegs

00007500     1d4 (00007500)     _AdccRegs

00007580     1d6 (00007580)     _AdcdRegs

00007900     1e4 (00007900)     _InputXbarRegs
00007920     1e4 (00007900)     _XbarRegs

00007940     1e5 (00007940)     _SyncSocRegs

00007980     1e6 (00007980)     _DmaClaSrcSelRegs

00007a00     1e8 (00007a00)     _EPwmXbarRegs

00007a80     1ea (00007a80)     _OutputXbarRegs

00007c00     1f0 (00007c00)     _GpioCtrlRegs

00007f00     1fc (00007f00)     _GpioDataRegs

0000a800     2a0 (0000a800)     _LeftMotor
0000a80c     2a0 (0000a800)     _RightMotor
0000a818     2a0 (0000a800)     _MotorBases
0000a826     2a0 (0000a800)     ___TI_enable_exit_profile_output
0000a828     2a0 (0000a800)     ___TI_cleanup_ptr
0000a82a     2a0 (0000a800)     ___TI_dtors_ptr
0000a82c     2a0 (0000a800)     _duration
0000a82d     2a0 (0000a800)     _dir
0000a82e     2a0 (0000a800)     _motor
0000a82f     2a0 (0000a800)     _doCMD
0000a830     2a0 (0000a800)     _motor_speed
0000a832     2a0 (0000a800)     __lock
0000a834     2a0 (0000a800)     __unlock

00047000    11c0 (00047000)     _Emif1Regs

00047800    11e0 (00047800)     _Emif2Regs

00048000    1200 (00048000)     _CanaRegs

0004a000    1280 (0004a000)     _CanbRegs

00050000    1400 (00050000)     _IpcRegs
00050024    1400 (00050000)     _FlashPumpSemaphoreRegs

0005d000    1740 (0005d000)     _DevCfgRegs

0005d180    1746 (0005d180)     _AnalogSubsysRegs

0005d200    1748 (0005d200)     _ClkCfgRegs

0005d300    174c (0005d300)     _CpuSysRegs

0005e608    1798 (0005e600)     _RomPrefetchRegs

0005f000    17c0 (0005f000)     _DcsmZ1Regs

0005f040    17c1 (0005f040)     _DcsmZ2Regs
0005f070    17c1 (0005f040)     _DcsmCommonRegs

0005f400    17d0 (0005f400)     _MemCfgRegs

0005f480    17d2 (0005f480)     _Emif1ConfigRegs
0005f4a0    17d2 (0005f480)     _Emif2ConfigRegs

0005f4c0    17d3 (0005f4c0)     _AccessProtectionRegs

0005f500    17d4 (0005f500)     _MemoryErrorRegs

0005f540    17d5 (0005f540)     _RomWaitStateRegs

0005f800    17e0 (0005f800)     _Flash0CtrlRegs

0005fb00    17ec (0005fb00)     _Flash0EccRegs


GLOBAL SYMBOLS: SORTED ALPHABETICALLY BY Name 

page  address   name                                      
----  -------   ----                                      
abs   ffffffff  .text                                     
0     00083585  C$$EXIT                                   
0     0008308b  FD$$ADD                                   
0     00083127  FD$$DIV                                   
0     0008323a  FD$$MPY                                   
0     000836e6  FD$$SUB                                   
0     000835f2  FD$$TOL                                   
0     000831b2  FS$$DIV                                   
0     00083694  UL$$TOFD                                  
0     000820fe  _ADCA1_ISR                                
0     0008237e  _ADCA2_ISR                                
0     00082388  _ADCA3_ISR                                
0     00082392  _ADCA4_ISR                                
0     00082374  _ADCA_EVT_ISR                             
0     00082108  _ADCB1_ISR                                
0     000823a6  _ADCB2_ISR                                
0     000823b0  _ADCB3_ISR                                
0     000823ba  _ADCB4_ISR                                
0     0008239c  _ADCB_EVT_ISR                             
0     00082112  _ADCC1_ISR                                
0     0008250e  _ADCC2_ISR                                
0     00082518  _ADCC3_ISR                                
0     00082522  _ADCC4_ISR                                
0     00082504  _ADCC_EVT_ISR                             
0     00082130  _ADCD1_ISR                                
0     00082536  _ADCD2_ISR                                
0     00082540  _ADCD3_ISR                                
0     0008254a  _ADCD4_ISR                                
0     0008252c  _ADCD_EVT_ISR                             
0     00082586  _AUX_PLL_SLIP_ISR                         
1     0005f4c0  _AccessProtectionRegs                     
1     00007400  _AdcaRegs                                 
1     00000b00  _AdcaResultRegs                           
1     00007480  _AdcbRegs                                 
1     00000b20  _AdcbResultRegs                           
1     00007500  _AdccRegs                                 
1     00000b40  _AdccResultRegs                           
1     00007580  _AdcdRegs                                 
1     00000b60  _AdcdResultRegs                           
1     0005d180  _AnalogSubsysRegs                         
0     0008234c  _CANA0_ISR                                
0     00082356  _CANA1_ISR                                
0     00082360  _CANB0_ISR                                
0     0008236a  _CANB1_ISR                                
0     000823c4  _CLA1_1_ISR                               
0     000823ce  _CLA1_2_ISR                               
0     000823d8  _CLA1_3_ISR                               
0     000823e2  _CLA1_4_ISR                               
0     000823ec  _CLA1_5_ISR                               
0     000823f6  _CLA1_6_ISR                               
0     00082400  _CLA1_7_ISR                               
0     0008240a  _CLA1_8_ISR                               
0     00082590  _CLA_OVERFLOW_ISR                         
0     0008259a  _CLA_UNDERFLOW_ISR                        
1     00048000  _CanaRegs                                 
1     0004a000  _CanbRegs                                 
1     00001400  _Cla1Regs                                 
0     00000ce0  _Cla1SoftIntRegs                          
1     0005d200  _ClkCfgRegs                               
1     00005c80  _Cmpss1Regs                               
1     00005ca0  _Cmpss2Regs                               
1     00005cc0  _Cmpss3Regs                               
1     00005ce0  _Cmpss4Regs                               
1     00005d00  _Cmpss5Regs                               
1     00005d20  _Cmpss6Regs                               
1     00005d40  _Cmpss7Regs                               
1     00005d60  _Cmpss8Regs                               
1     0005d300  _CpuSysRegs                               
1     00000c00  _CpuTimer0Regs                            
1     00000c08  _CpuTimer1Regs                            
1     00000c10  _CpuTimer2Regs                            
0     00082054  _DATALOG_ISR                              
0     00082298  _DMA_CH1_ISR                              
0     000822a2  _DMA_CH2_ISR                              
0     000822ac  _DMA_CH3_ISR                              
0     000822b6  _DMA_CH4_ISR                              
0     000822c0  _DMA_CH5_ISR                              
0     000822ca  _DMA_CH6_ISR                              
1     00005c00  _DacaRegs                                 
1     00005c10  _DacbRegs                                 
1     00005c20  _DaccRegs                                 
1     0005f070  _DcsmCommonRegs                           
1     0005f000  _DcsmZ1Regs                               
1     0005f040  _DcsmZ2Regs                               
1     0005d000  _DevCfgRegs                               
0     00082b4e  _Device_enableAllPeripherals              
0     00082c98  _Device_enableUnbondedGPIOPullups         
0     00082c75  _Device_enableUnbondedGPIOPullupsFor100Pin
0     00082c5e  _Device_enableUnbondedGPIOPullupsFor176Pin
0     00082b0a  _Device_init                              
0     00082c3d  _Device_initGPIO                          
1     00007980  _DmaClaSrcSelRegs                         
1     00001000  _DmaRegs                                  
0     000821ee  _ECAP1_ISR                                
0     000821f8  _ECAP2_ISR                                
0     00082202  _ECAP3_ISR                                
0     0008220c  _ECAP4_ISR                                
0     00082216  _ECAP5_ISR                                
0     00082220  _ECAP6_ISR                                
1     00005000  _ECap1Regs                                
1     00005020  _ECap2Regs                                
1     00005040  _ECap3Regs                                
1     00005060  _ECap4Regs                                
1     00005080  _ECap5Regs                                
1     000050a0  _ECap6Regs                                
0     00082554  _EMIF_ERROR_ISR                           
0     000825ae  _EMPTY_ISR                                
0     00082068  _EMU_ISR                                  
0     000824aa  _EPWM10_ISR                               
0     00082482  _EPWM10_TZ_ISR                            
0     000824b4  _EPWM11_ISR                               
0     0008248c  _EPWM11_TZ_ISR                            
0     000824be  _EPWM12_ISR                               
0     00082496  _EPWM12_TZ_ISR                            
0     0008219e  _EPWM1_ISR                                
0     0008214e  _EPWM1_TZ_ISR                             
0     000821a8  _EPWM2_ISR                                
0     00082158  _EPWM2_TZ_ISR                             
0     000821b2  _EPWM3_ISR                                
0     00082162  _EPWM3_TZ_ISR                             
0     000821bc  _EPWM4_ISR                                
0     0008216c  _EPWM4_TZ_ISR                             
0     000821c6  _EPWM5_ISR                                
0     00082176  _EPWM5_TZ_ISR                             
0     000821d0  _EPWM6_ISR                                
0     00082180  _EPWM6_TZ_ISR                             
0     000821da  _EPWM7_ISR                                
0     0008218a  _EPWM7_TZ_ISR                             
0     000821e4  _EPWM8_ISR                                
0     00082194  _EPWM8_TZ_ISR                             
0     000824a0  _EPWM9_ISR                                
0     00082478  _EPWM9_TZ_ISR                             
0     0008367e  _EPWM_setEmulationMode                    
1     00004900  _EPwm10Regs                               
1     00004a00  _EPwm11Regs                               
1     00004b00  _EPwm12Regs                               
1     00004000  _EPwm1Regs                                
1     00004100  _EPwm2Regs                                
1     00004200  _EPwm3Regs                                
1     00004300  _EPwm4Regs                                
1     00004400  _EPwm5Regs                                
1     00004500  _EPwm6Regs                                
1     00004600  _EPwm7Regs                                
1     00004700  _EPwm8Regs                                
1     00004800  _EPwm9Regs                                
1     00007a00  _EPwmXbarRegs                             
0     0008222a  _EQEP1_ISR                                
0     00082fc5  _EQEP1_interrupt                          
0     00082234  _EQEP2_ISR                                
0     00083028  _EQEP2_interrupt                          
0     0008223e  _EQEP3_ISR                                
1     00005100  _EQep1Regs                                
1     00005140  _EQep2Regs                                
1     00005180  _EQep3Regs                                
1     0005f480  _Emif1ConfigRegs                          
1     00047000  _Emif1Regs                                
1     0005f4a0  _Emif2ConfigRegs                          
1     00047800  _Emif2Regs                                
1     00000d00  _EmuBMode                                 
1     00000d01  _EmuBootPins                              
0     00008131  _F28x_usDelay                             
0     00082568  _FLASH_CORRECTABLE_ERROR_ISR              
0     0008243c  _FPU_OVERFLOW_ISR                         
0     00082446  _FPU_UNDERFLOW_ISR                        
1     0005f800  _Flash0CtrlRegs                           
1     0005fb00  _Flash0EccRegs                            
1     00050024  _FlashPumpSemaphoreRegs                   
0     00008000  _Flash_initModule                         
0     0008352b  _GPIO_setDirectionMode                    
0     000833d5  _GPIO_setPadConfig                        
0     000834bb  _GPIO_setPinConfig                        
1     00007c00  _GpioCtrlRegs                             
1     00007f00  _GpioDataRegs                             
0     000822de  _I2CA_FIFO_ISR                            
0     000822d4  _I2CA_ISR                                 
0     000822f2  _I2CB_FIFO_ISR                            
0     000822e8  _I2CB_ISR                                 
1     00007300  _I2caRegs                                 
1     00007340  _I2cbRegs                                 
0     0008207c  _ILLEGAL_ISR                              
0     00082450  _IPC0_ISR                                 
0     0008245a  _IPC1_ISR                                 
0     00082464  _IPC2_ISR                                 
0     0008246e  _IPC3_ISR                                 
1     00007900  _InputXbarRegs                            
0     000834f8  _Interrupt_enable                         
0     00083381  _Interrupt_initModule                     
0     000835d2  _Interrupt_initVectorTable                
1     00050000  _IpcRegs                                  
1     0000a800  _LeftMotor                                
0     00082270  _MCBSPA_RX_ISR                            
0     0008227a  _MCBSPA_TX_ISR                            
0     00082284  _MCBSPB_RX_ISR                            
0     0008228e  _MCBSPB_TX_ISR                            
1     00006000  _McbspaRegs                               
1     00006040  _McbspbRegs                               
1     0005f400  _MemCfgRegs                               
1     0005f500  _MemoryErrorRegs                          
1     0000a818  _MotorBases                               
0     00082072  _NMI_ISR                                  
0     000825bb  _NOTUSED_ISR                              
1     00007060  _NmiIntruptRegs                           
1     00007a80  _OutputXbarRegs                           
0     000825a4  _PIE_RESERVED_ISR                         
1     00000ce0  _PieCtrlRegs                              
1     00000d00  _PieVectTable                             
0     00082572  _RAM_ACCESS_VIOLATION_ISR                 
0     0008255e  _RAM_CORRECTABLE_ERROR_ISR                
0     0008205e  _RTOS_ISR                                 
0     00086139  _RamfuncsLoadEnd                          
abs   00000139  _RamfuncsLoadSize                         
0     00086000  _RamfuncsLoadStart                        
0     00008139  _RamfuncsRunEnd                           
abs   00000139  _RamfuncsRunSize                          
0     00008000  _RamfuncsRunStart                         
1     0000a80c  _RightMotor                               
1     0005e608  _RomPrefetchRegs                          
1     0005f540  _RomWaitStateRegs                         
0     00082324  _SCIA_RX_ISR                              
0     0008232e  _SCIA_TX_ISR                              
0     00082338  _SCIB_RX_ISR                              
0     00082342  _SCIB_TX_ISR                              
0     000822fc  _SCIC_RX_ISR                              
0     00082306  _SCIC_TX_ISR                              
0     00082310  _SCID_RX_ISR                              
0     0008231a  _SCID_TX_ISR                              
0     000824c8  _SD1_ISR                                  
0     000824d2  _SD2_ISR                                  
0     00082248  _SPIA_RX_ISR                              
0     00082252  _SPIA_TX_ISR                              
0     0008225c  _SPIB_RX_ISR                              
0     00082266  _SPIB_TX_ISR                              
0     000824dc  _SPIC_RX_ISR                              
0     000824e6  _SPIC_TX_ISR                              
0     0008257c  _SYS_PLL_SLIP_ISR                         
1     00007200  _SciaRegs                                 
1     00007210  _ScibRegs                                 
1     00007220  _ScicRegs                                 
1     00007230  _ScidRegs                                 
1     00005e00  _Sdfm1Regs                                
1     00005e80  _Sdfm2Regs                                
1     00006100  _SpiaRegs                                 
1     00006110  _SpibRegs                                 
1     00006120  _SpicRegs                                 
1     00007940  _SyncSocRegs                              
0     00008135  _SysCtl_delay                             
0     000832bd  _SysCtl_getClock                          
0     0008364b  _SysCtl_getLowSpeedClock                  
0     00083427  _SysCtl_selectOscSource                   
0     000828a7  _SysCtl_setClock                          
0     0008213a  _TIMER0_ISR                               
0     00082040  _TIMER1_ISR                               
0     0008204a  _TIMER2_ISR                               
0     000824f0  _UPPA_ISR                                 
0     000824fa  _USBA_ISR                                 
0     000820e0  _USER10_ISR                               
0     000820ea  _USER11_ISR                               
0     000820f4  _USER12_ISR                               
0     00082086  _USER1_ISR                                
0     00082090  _USER2_ISR                                
0     0008209a  _USER3_ISR                                
0     000820a4  _USER4_ISR                                
0     000820ae  _USER5_ISR                                
0     000820b8  _USER6_ISR                                
0     000820c2  _USER7_ISR                                
0     000820cc  _USER8_ISR                                
0     000820d6  _USER9_ISR                                
1     00006200  _UppRegs                                  
0     00082432  _VCU_ISR                                  
0     00082144  _WAKE_ISR                                 
1     00007000  _WdRegs                                   
0     0008211c  _XINT1_ISR                                
0     00082126  _XINT2_ISR                                
0     00082414  _XINT3_ISR                                
0     0008241e  _XINT4_ISR                                
0     00082428  _XINT5_ISR                                
1     00007920  _XbarRegs                                 
1     00007070  _XintRegs                                 
1     00000500  __STACK_END                               
abs   00000100  __STACK_SIZE                              
1     0000a828  ___TI_cleanup_ptr                         
1     0000a82a  ___TI_dtors_ptr                           
1     0000a826  ___TI_enable_exit_profile_output          
abs   ffffffff  ___TI_pprof_out_hndl                      
abs   ffffffff  ___TI_prof_data_size                      
abs   ffffffff  ___TI_prof_data_start                     
abs   ffffffff  ___binit__                                
abs   ffffffff  ___c_args__                               
0     00082000  ___cinit__                                
0     00082cae  ___error__                                
abs   ffffffff  ___etext__                                
abs   ffffffff  ___pinit__                                
abs   ffffffff  ___text__                                 
0     00083665  __args_main                               
1     0000a832  __lock                                    
0     0008372a  __nop                                     
0     00083726  __register_lock                           
0     00083722  __register_unlock                         
1     00000400  __stack                                   
0     00083731  __system_post_cinit                       
0     0008372f  __system_pre_init                         
1     0000a834  __unlock                                  
0     00083585  _abort                                    
0     00082ceb  _booster_Pinout_init                      
0     00082859  _booster_epwm_init                        
0     0008281c  _booster_epwm_initAllEPWMs                
0     000827cf  _booster_epwm_moveMotor                   
0     00082843  _booster_epwm_setDuty                     
0     0008276e  _booster_epwm_startMotor                  
0     000827b6  _booster_epwm_stopFree                    
0     0008279d  _booster_epwm_stopMotor                   
0     00082f79  _booster_eqep_initAllEQEP                 
0     00082f9c  _booster_eqep_initEQEP                    
0     0008332b  _c_int00                                  
0     000835ae  _copy_in                                  
1     0000a82d  _dir                                      
1     0000a82f  _doCMD                                    
1     0000a82c  _duration                                 
0     00083587  _exit                                     
0     0008362f  _main                                     
0     00083611  _memcpy                                   
1     0000a82e  _motor                                    
1     0000a830  _motor_speed                              
abs   ffffffff  binit                                     
0     00082000  cinit                                     
0     00080000  code_start                                
abs   ffffffff  etext                                     
abs   ffffffff  pinit                                     


GLOBAL SYMBOLS: SORTED BY Symbol Address 

page  address   name                                      
----  -------   ----                                      
0     00000ce0  _Cla1SoftIntRegs                          
0     00008000  _Flash_initModule                         
0     00008000  _RamfuncsRunStart                         
0     00008131  _F28x_usDelay                             
0     00008135  _SysCtl_delay                             
0     00008139  _RamfuncsRunEnd                           
0     00080000  code_start                                
0     00082000  ___cinit__                                
0     00082000  cinit                                     
0     00082040  _TIMER1_ISR                               
0     0008204a  _TIMER2_ISR                               
0     00082054  _DATALOG_ISR                              
0     0008205e  _RTOS_ISR                                 
0     00082068  _EMU_ISR                                  
0     00082072  _NMI_ISR                                  
0     0008207c  _ILLEGAL_ISR                              
0     00082086  _USER1_ISR                                
0     00082090  _USER2_ISR                                
0     0008209a  _USER3_ISR                                
0     000820a4  _USER4_ISR                                
0     000820ae  _USER5_ISR                                
0     000820b8  _USER6_ISR                                
0     000820c2  _USER7_ISR                                
0     000820cc  _USER8_ISR                                
0     000820d6  _USER9_ISR                                
0     000820e0  _USER10_ISR                               
0     000820ea  _USER11_ISR                               
0     000820f4  _USER12_ISR                               
0     000820fe  _ADCA1_ISR                                
0     00082108  _ADCB1_ISR                                
0     00082112  _ADCC1_ISR                                
0     0008211c  _XINT1_ISR                                
0     00082126  _XINT2_ISR                                
0     00082130  _ADCD1_ISR                                
0     0008213a  _TIMER0_ISR                               
0     00082144  _WAKE_ISR                                 
0     0008214e  _EPWM1_TZ_ISR                             
0     00082158  _EPWM2_TZ_ISR                             
0     00082162  _EPWM3_TZ_ISR                             
0     0008216c  _EPWM4_TZ_ISR                             
0     00082176  _EPWM5_TZ_ISR                             
0     00082180  _EPWM6_TZ_ISR                             
0     0008218a  _EPWM7_TZ_ISR                             
0     00082194  _EPWM8_TZ_ISR                             
0     0008219e  _EPWM1_ISR                                
0     000821a8  _EPWM2_ISR                                
0     000821b2  _EPWM3_ISR                                
0     000821bc  _EPWM4_ISR                                
0     000821c6  _EPWM5_ISR                                
0     000821d0  _EPWM6_ISR                                
0     000821da  _EPWM7_ISR                                
0     000821e4  _EPWM8_ISR                                
0     000821ee  _ECAP1_ISR                                
0     000821f8  _ECAP2_ISR                                
0     00082202  _ECAP3_ISR                                
0     0008220c  _ECAP4_ISR                                
0     00082216  _ECAP5_ISR                                
0     00082220  _ECAP6_ISR                                
0     0008222a  _EQEP1_ISR                                
0     00082234  _EQEP2_ISR                                
0     0008223e  _EQEP3_ISR                                
0     00082248  _SPIA_RX_ISR                              
0     00082252  _SPIA_TX_ISR                              
0     0008225c  _SPIB_RX_ISR                              
0     00082266  _SPIB_TX_ISR                              
0     00082270  _MCBSPA_RX_ISR                            
0     0008227a  _MCBSPA_TX_ISR                            
0     00082284  _MCBSPB_RX_ISR                            
0     0008228e  _MCBSPB_TX_ISR                            
0     00082298  _DMA_CH1_ISR                              
0     000822a2  _DMA_CH2_ISR                              
0     000822ac  _DMA_CH3_ISR                              
0     000822b6  _DMA_CH4_ISR                              
0     000822c0  _DMA_CH5_ISR                              
0     000822ca  _DMA_CH6_ISR                              
0     000822d4  _I2CA_ISR                                 
0     000822de  _I2CA_FIFO_ISR                            
0     000822e8  _I2CB_ISR                                 
0     000822f2  _I2CB_FIFO_ISR                            
0     000822fc  _SCIC_RX_ISR                              
0     00082306  _SCIC_TX_ISR                              
0     00082310  _SCID_RX_ISR                              
0     0008231a  _SCID_TX_ISR                              
0     00082324  _SCIA_RX_ISR                              
0     0008232e  _SCIA_TX_ISR                              
0     00082338  _SCIB_RX_ISR                              
0     00082342  _SCIB_TX_ISR                              
0     0008234c  _CANA0_ISR                                
0     00082356  _CANA1_ISR                                
0     00082360  _CANB0_ISR                                
0     0008236a  _CANB1_ISR                                
0     00082374  _ADCA_EVT_ISR                             
0     0008237e  _ADCA2_ISR                                
0     00082388  _ADCA3_ISR                                
0     00082392  _ADCA4_ISR                                
0     0008239c  _ADCB_EVT_ISR                             
0     000823a6  _ADCB2_ISR                                
0     000823b0  _ADCB3_ISR                                
0     000823ba  _ADCB4_ISR                                
0     000823c4  _CLA1_1_ISR                               
0     000823ce  _CLA1_2_ISR                               
0     000823d8  _CLA1_3_ISR                               
0     000823e2  _CLA1_4_ISR                               
0     000823ec  _CLA1_5_ISR                               
0     000823f6  _CLA1_6_ISR                               
0     00082400  _CLA1_7_ISR                               
0     0008240a  _CLA1_8_ISR                               
0     00082414  _XINT3_ISR                                
0     0008241e  _XINT4_ISR                                
0     00082428  _XINT5_ISR                                
0     00082432  _VCU_ISR                                  
0     0008243c  _FPU_OVERFLOW_ISR                         
0     00082446  _FPU_UNDERFLOW_ISR                        
0     00082450  _IPC0_ISR                                 
0     0008245a  _IPC1_ISR                                 
0     00082464  _IPC2_ISR                                 
0     0008246e  _IPC3_ISR                                 
0     00082478  _EPWM9_TZ_ISR                             
0     00082482  _EPWM10_TZ_ISR                            
0     0008248c  _EPWM11_TZ_ISR                            
0     00082496  _EPWM12_TZ_ISR                            
0     000824a0  _EPWM9_ISR                                
0     000824aa  _EPWM10_ISR                               
0     000824b4  _EPWM11_ISR                               
0     000824be  _EPWM12_ISR                               
0     000824c8  _SD1_ISR                                  
0     000824d2  _SD2_ISR                                  
0     000824dc  _SPIC_RX_ISR                              
0     000824e6  _SPIC_TX_ISR                              
0     000824f0  _UPPA_ISR                                 
0     000824fa  _USBA_ISR                                 
0     00082504  _ADCC_EVT_ISR                             
0     0008250e  _ADCC2_ISR                                
0     00082518  _ADCC3_ISR                                
0     00082522  _ADCC4_ISR                                
0     0008252c  _ADCD_EVT_ISR                             
0     00082536  _ADCD2_ISR                                
0     00082540  _ADCD3_ISR                                
0     0008254a  _ADCD4_ISR                                
0     00082554  _EMIF_ERROR_ISR                           
0     0008255e  _RAM_CORRECTABLE_ERROR_ISR                
0     00082568  _FLASH_CORRECTABLE_ERROR_ISR              
0     00082572  _RAM_ACCESS_VIOLATION_ISR                 
0     0008257c  _SYS_PLL_SLIP_ISR                         
0     00082586  _AUX_PLL_SLIP_ISR                         
0     00082590  _CLA_OVERFLOW_ISR                         
0     0008259a  _CLA_UNDERFLOW_ISR                        
0     000825a4  _PIE_RESERVED_ISR                         
0     000825ae  _EMPTY_ISR                                
0     000825bb  _NOTUSED_ISR                              
0     0008276e  _booster_epwm_startMotor                  
0     0008279d  _booster_epwm_stopMotor                   
0     000827b6  _booster_epwm_stopFree                    
0     000827cf  _booster_epwm_moveMotor                   
0     0008281c  _booster_epwm_initAllEPWMs                
0     00082843  _booster_epwm_setDuty                     
0     00082859  _booster_epwm_init                        
0     000828a7  _SysCtl_setClock                          
0     00082b0a  _Device_init                              
0     00082b4e  _Device_enableAllPeripherals              
0     00082c3d  _Device_initGPIO                          
0     00082c5e  _Device_enableUnbondedGPIOPullupsFor176Pin
0     00082c75  _Device_enableUnbondedGPIOPullupsFor100Pin
0     00082c98  _Device_enableUnbondedGPIOPullups         
0     00082cae  ___error__                                
0     00082ceb  _booster_Pinout_init                      
0     00082f79  _booster_eqep_initAllEQEP                 
0     00082f9c  _booster_eqep_initEQEP                    
0     00082fc5  _EQEP1_interrupt                          
0     00083028  _EQEP2_interrupt                          
0     0008308b  FD$$ADD                                   
0     00083127  FD$$DIV                                   
0     000831b2  FS$$DIV                                   
0     0008323a  FD$$MPY                                   
0     000832bd  _SysCtl_getClock                          
0     0008332b  _c_int00                                  
0     00083381  _Interrupt_initModule                     
0     000833d5  _GPIO_setPadConfig                        
0     00083427  _SysCtl_selectOscSource                   
0     000834bb  _GPIO_setPinConfig                        
0     000834f8  _Interrupt_enable                         
0     0008352b  _GPIO_setDirectionMode                    
0     00083585  C$$EXIT                                   
0     00083585  _abort                                    
0     00083587  _exit                                     
0     000835ae  _copy_in                                  
0     000835d2  _Interrupt_initVectorTable                
0     000835f2  FD$$TOL                                   
0     00083611  _memcpy                                   
0     0008362f  _main                                     
0     0008364b  _SysCtl_getLowSpeedClock                  
0     00083665  __args_main                               
0     0008367e  _EPWM_setEmulationMode                    
0     00083694  UL$$TOFD                                  
0     000836e6  FD$$SUB                                   
0     00083722  __register_unlock                         
0     00083726  __register_lock                           
0     0008372a  __nop                                     
0     0008372f  __system_pre_init                         
0     00083731  __system_post_cinit                       
0     00086000  _RamfuncsLoadStart                        
0     00086139  _RamfuncsLoadEnd                          
1     00000400  __stack                                   
1     00000500  __STACK_END                               
1     00000b00  _AdcaResultRegs                           
1     00000b20  _AdcbResultRegs                           
1     00000b40  _AdccResultRegs                           
1     00000b60  _AdcdResultRegs                           
1     00000c00  _CpuTimer0Regs                            
1     00000c08  _CpuTimer1Regs                            
1     00000c10  _CpuTimer2Regs                            
1     00000ce0  _PieCtrlRegs                              
1     00000d00  _EmuBMode                                 
1     00000d00  _PieVectTable                             
1     00000d01  _EmuBootPins                              
1     00001000  _DmaRegs                                  
1     00001400  _Cla1Regs                                 
1     00004000  _EPwm1Regs                                
1     00004100  _EPwm2Regs                                
1     00004200  _EPwm3Regs                                
1     00004300  _EPwm4Regs                                
1     00004400  _EPwm5Regs                                
1     00004500  _EPwm6Regs                                
1     00004600  _EPwm7Regs                                
1     00004700  _EPwm8Regs                                
1     00004800  _EPwm9Regs                                
1     00004900  _EPwm10Regs                               
1     00004a00  _EPwm11Regs                               
1     00004b00  _EPwm12Regs                               
1     00005000  _ECap1Regs                                
1     00005020  _ECap2Regs                                
1     00005040  _ECap3Regs                                
1     00005060  _ECap4Regs                                
1     00005080  _ECap5Regs                                
1     000050a0  _ECap6Regs                                
1     00005100  _EQep1Regs                                
1     00005140  _EQep2Regs                                
1     00005180  _EQep3Regs                                
1     00005c00  _DacaRegs                                 
1     00005c10  _DacbRegs                                 
1     00005c20  _DaccRegs                                 
1     00005c80  _Cmpss1Regs                               
1     00005ca0  _Cmpss2Regs                               
1     00005cc0  _Cmpss3Regs                               
1     00005ce0  _Cmpss4Regs                               
1     00005d00  _Cmpss5Regs                               
1     00005d20  _Cmpss6Regs                               
1     00005d40  _Cmpss7Regs                               
1     00005d60  _Cmpss8Regs                               
1     00005e00  _Sdfm1Regs                                
1     00005e80  _Sdfm2Regs                                
1     00006000  _McbspaRegs                               
1     00006040  _McbspbRegs                               
1     00006100  _SpiaRegs                                 
1     00006110  _SpibRegs                                 
1     00006120  _SpicRegs                                 
1     00006200  _UppRegs                                  
1     00007000  _WdRegs                                   
1     00007060  _NmiIntruptRegs                           
1     00007070  _XintRegs                                 
1     00007200  _SciaRegs                                 
1     00007210  _ScibRegs                                 
1     00007220  _ScicRegs                                 
1     00007230  _ScidRegs                                 
1     00007300  _I2caRegs                                 
1     00007340  _I2cbRegs                                 
1     00007400  _AdcaRegs                                 
1     00007480  _AdcbRegs                                 
1     00007500  _AdccRegs                                 
1     00007580  _AdcdRegs                                 
1     00007900  _InputXbarRegs                            
1     00007920  _XbarRegs                                 
1     00007940  _SyncSocRegs                              
1     00007980  _DmaClaSrcSelRegs                         
1     00007a00  _EPwmXbarRegs                             
1     00007a80  _OutputXbarRegs                           
1     00007c00  _GpioCtrlRegs                             
1     00007f00  _GpioDataRegs                             
1     0000a800  _LeftMotor                                
1     0000a80c  _RightMotor                               
1     0000a818  _MotorBases                               
1     0000a826  ___TI_enable_exit_profile_output          
1     0000a828  ___TI_cleanup_ptr                         
1     0000a82a  ___TI_dtors_ptr                           
1     0000a82c  _duration                                 
1     0000a82d  _dir                                      
1     0000a82e  _motor                                    
1     0000a82f  _doCMD                                    
1     0000a830  _motor_speed                              
1     0000a832  __lock                                    
1     0000a834  __unlock                                  
1     00047000  _Emif1Regs                                
1     00047800  _Emif2Regs                                
1     00048000  _CanaRegs                                 
1     0004a000  _CanbRegs                                 
1     00050000  _IpcRegs                                  
1     00050024  _FlashPumpSemaphoreRegs                   
1     0005d000  _DevCfgRegs                               
1     0005d180  _AnalogSubsysRegs                         
1     0005d200  _ClkCfgRegs                               
1     0005d300  _CpuSysRegs                               
1     0005e608  _RomPrefetchRegs                          
1     0005f000  _DcsmZ1Regs                               
1     0005f040  _DcsmZ2Regs                               
1     0005f070  _DcsmCommonRegs                           
1     0005f400  _MemCfgRegs                               
1     0005f480  _Emif1ConfigRegs                          
1     0005f4a0  _Emif2ConfigRegs                          
1     0005f4c0  _AccessProtectionRegs                     
1     0005f500  _MemoryErrorRegs                          
1     0005f540  _RomWaitStateRegs                         
1     0005f800  _Flash0CtrlRegs                           
1     0005fb00  _Flash0EccRegs                            
abs   00000100  __STACK_SIZE                              
abs   00000139  _RamfuncsLoadSize                         
abs   00000139  _RamfuncsRunSize                          
abs   ffffffff  .text                                     
abs   ffffffff  ___TI_pprof_out_hndl                      
abs   ffffffff  ___TI_prof_data_size                      
abs   ffffffff  ___TI_prof_data_start                     
abs   ffffffff  ___binit__                                
abs   ffffffff  ___c_args__                               
abs   ffffffff  ___etext__                                
abs   ffffffff  ___pinit__                                
abs   ffffffff  ___text__                                 
abs   ffffffff  binit                                     
abs   ffffffff  etext                                     
abs   ffffffff  pinit                                     

[328 symbols]
